MPLINK 5.00, LINKER
Linker Map File - Created Tue Jan 10 16:09:15 2023

                                 Section Info
                  Section       Type    Address   Location Size(Bytes)
                ---------  ---------  ---------  ---------  ---------
               _entry_scn       code   0x000000    program   0x000006
           .code___init.o       code   0x000006    program   0x000002
      InterruptVectorHigh       code   0x000008    program   0x000006
              SEED_DATA_i    romdata   0x00000e    program   0x000002
     .idata_interrupt.o_i    romdata   0x000010    program   0x000004
           .code_global.o       code   0x000014    program   0x000000
   .code_animation_data.o       code   0x000014    program   0x000000
  .code_animation_data1.o       code   0x000014    program   0x000000
  .code_animation_data2.o       code   0x000014    program   0x000000
  .code_animation_data3.o       code   0x000014    program   0x000000
      .idata_fxd0808u.o_i    romdata   0x000014    program   0x000000
      .idata_fxd1616u.o_i    romdata   0x000014    program   0x000000
      .idata_fxd2424u.o_i    romdata   0x000014    program   0x000000
      .idata_fxd3232u.o_i    romdata   0x000014    program   0x000000
       .idata_fxm3232.o_i    romdata   0x000014    program   0x000000
        .idata___init.o_i    romdata   0x000014    program   0x000000
            .code_c018i.o       code   0x000014    program   0x000000
         .idata_c018i.o_i    romdata   0x000014    program   0x000000
       InterruptVectorLow       code   0x000018    program   0x000006
                   .cinit    romdata   0x00001e    program   0x0000c2
            .code_clock.o       code   0x0000e0    program   0x00222a
 .code_custom_character.o       code   0x00230a    program   0x001e44
              .code_lcd.o       code   0x00414e    program   0x000d4a
         .code_game_lcd.o       code   0x004e98    program   0x000b68
              .code_fsm.o       code   0x005a00    program   0x000aee
                     PROG       code   0x0064ee    program   0x0005b2
           .code_button.o       code   0x006aa0    program   0x00052e
            .code_timer.o       code   0x006fce    program   0x00051c
             .code_main.o       code   0x0074ea    program   0x00048c
              .code_i2c.o       code   0x007976    program   0x000240
        .code_interrupt.o       code   0x007bb6    program   0x0001c4
             .stringtable    romdata   0x007d7a    program   0x00015f
         .romdata_c018i.o    romdata   0x007ed9    program   0x000000
.romdata_custom_character.o    romdata   0x007ed9    program   0x000000
        .romdata___init.o    romdata   0x007ed9    program   0x000000
       .romdata_fxm3232.o    romdata   0x007ed9    program   0x000000
.romdata_animation_data.o    romdata   0x007ed9    program   0x000000
.romdata_animation_data1.o    romdata   0x007ed9    program   0x000000
.romdata_animation_data2.o    romdata   0x007ed9    program   0x000000
.romdata_animation_data3.o    romdata   0x007ed9    program   0x000000
      .romdata_game_lcd.o    romdata   0x007ed9    program   0x000000
        .romdata_button.o    romdata   0x007ed9    program   0x000000
      .romdata_fxd3232u.o    romdata   0x007ed9    program   0x000000
      .romdata_fxd0808u.o    romdata   0x007ed9    program   0x000000
          .romdata_main.o    romdata   0x007ed9    program   0x000000
      .romdata_fxd1616u.o    romdata   0x007ed9    program   0x000000
      .romdata_fxd2424u.o    romdata   0x007ed9    program   0x000000
           .romdata_fsm.o    romdata   0x007ed9    program   0x000000
     .romdata_interrupt.o    romdata   0x007ed9    program   0x000000
           .romdata_lcd.o    romdata   0x007ed9    program   0x000000
         .romdata_clock.o    romdata   0x007ed9    program   0x000000
        .romdata_global.o    romdata   0x007ed9    program   0x000000
         .romdata_timer.o    romdata   0x007ed9    program   0x000000
           .romdata_i2c.o    romdata   0x007ed9    program   0x000000
           .idata_i2c.o_i    romdata   0x007ed9    program   0x000001
               _cinit_scn       code   0x007eda    program   0x00009e
          .code_fxm3232.o       code   0x007f78    program   0x000070
         .code_fxd3232u.o       code   0x007fe8    program   0x000048
                   STDLIB       code   0x008030    program   0x00003c
         .code_fxd2424u.o       code   0x00806c    program   0x00003a
         .code_fxd1616u.o       code   0x0080a6    program   0x00002c
                    .code       code   0x0080d2    program   0x000020
             _startup_scn       code   0x0080f2    program   0x00001c
         .code_fxd0808u.o       code   0x00810e    program   0x00001c
         .idata_timer.o_i    romdata   0x00812a    program   0x000020
          .idata_main.o_i    romdata   0x00814a    program   0x000015
           .idata_lcd.o_i    romdata   0x00815f    program   0x000061
        .idata_global.o_i    romdata   0x0081c0    program   0x00007c
      .idata_game_lcd.o_i    romdata   0x00823c    program   0x00005e
           .idata_fsm.o_i    romdata   0x00829a    program   0x000008
.idata_custom_character.o_i    romdata   0x0082a2    program   0x00004c
         .idata_clock.o_i    romdata   0x0082ee    program   0x0000fb
        .idata_button.o_i    romdata   0x0083e9    program   0x000034
.idata_animation_data3.o_i    romdata   0x00841d    program   0x000090
.idata_animation_data2.o_i    romdata   0x0084ad    program   0x000090
.idata_animation_data1.o_i    romdata   0x00853d    program   0x0000b8
.idata_animation_data.o_i    romdata   0x0085f5    program   0x0000c0
    .config_300001_main.o    romdata   0x300001    program   0x000001
    .config_300002_main.o    romdata   0x300002    program   0x000001
    .config_300003_main.o    romdata   0x300003    program   0x000001
    .config_300005_main.o    romdata   0x300005    program   0x000001
    .config_300006_main.o    romdata   0x300006    program   0x000001
    .config_300008_main.o    romdata   0x300008    program   0x000001
    .config_300009_main.o    romdata   0x300009    program   0x000001
    .config_30000a_main.o    romdata   0x30000a    program   0x000001
    .config_30000b_main.o    romdata   0x30000b    program   0x000001
    .config_30000c_main.o    romdata   0x30000c    program   0x000001
    .config_30000d_main.o    romdata   0x30000d    program   0x000001
                 .tmpdata      udata   0x000000       data   0x00001a
                MATH_DATA      udata   0x00001a       data   0x000014
          .idata_global.o      idata   0x000080       data   0x00007c
             .udata_lcd.o      udata   0x0000fc       data   0x000004
           .idata_clock.o      idata   0x000100       data   0x0000fb
       .idata_interrupt.o      idata   0x0001fb       data   0x000004
             .idata_i2c.o      idata   0x0001ff       data   0x000001
  .idata_animation_data.o      idata   0x000200       data   0x0000c0
           .idata_timer.o      idata   0x0002c0       data   0x000020
            .idata_main.o      idata   0x0002e0       data   0x000015
        .udata_game_lcd.o      udata   0x0002f5       data   0x00000a
          .idata___init.o      idata   0x0002ff       data   0x000000
 .udata_animation_data1.o      udata   0x0002ff       data   0x000000
 .udata_animation_data2.o      udata   0x0002ff       data   0x000000
 .udata_animation_data3.o      udata   0x0002ff       data   0x000000
        .udata_fxd0808u.o      udata   0x0002ff       data   0x000000
          .udata___init.o      udata   0x0002ff       data   0x000000
        .idata_fxd0808u.o      idata   0x0002ff       data   0x000000
         .idata_fxm3232.o      idata   0x0002ff       data   0x000000
        .udata_fxd1616u.o      udata   0x0002ff       data   0x000000
         .udata_fxm3232.o      udata   0x0002ff       data   0x000000
        .idata_fxd1616u.o      idata   0x0002ff       data   0x000000
        .udata_fxd2424u.o      udata   0x0002ff       data   0x000000
        .idata_fxd3232u.o      idata   0x0002ff       data   0x000000
        .idata_fxd2424u.o      idata   0x0002ff       data   0x000000
        .udata_fxd3232u.o      udata   0x0002ff       data   0x000000
           .idata_c018i.o      idata   0x0002ff       data   0x000000
          .udata_button.o      udata   0x0002ff       data   0x000000
            .udata_main.o      udata   0x0002ff       data   0x000000
           .udata_timer.o      udata   0x0002ff       data   0x000000
       .udata_interrupt.o      udata   0x0002ff       data   0x000000
             .udata_i2c.o      udata   0x0002ff       data   0x000000
           .udata_clock.o      udata   0x0002ff       data   0x000000
             .udata_fsm.o      udata   0x0002ff       data   0x000000
  .udata_animation_data.o      udata   0x0002ff       data   0x000000
 .idata_animation_data1.o      idata   0x000300       data   0x0000b8
             .idata_fsm.o      idata   0x0003b8       data   0x000008
 .idata_animation_data3.o      idata   0x000400       data   0x000090
             .idata_lcd.o      idata   0x000490       data   0x000061
           .udata_c018i.o      udata   0x0004f1       data   0x00000a
                SEED_DATA      idata   0x0004fb       data   0x000002
.udata_custom_character.o      udata   0x0004fd       data   0x000002
 .idata_animation_data2.o      idata   0x000500       data   0x000090
        .idata_game_lcd.o      idata   0x000590       data   0x00005e
          .udata_global.o      udata   0x0005ee       data   0x000012
                   .stack      udata   0x000e00       data   0x000100
.idata_custom_character.o      idata   0x000f00       data   0x00004c
          .idata_button.o      idata   0x000f4c       data   0x000034
            SFR_UNBANKED0      udata   0x000f80       data   0x000080



                              Program Memory Usage 
                               Start         End      
                           ---------   ---------      
                            0x000000    0x000013      
                            0x000018    0x0086b4      
                            0x300001    0x300003      
                            0x300005    0x300006      
                            0x300008    0x30000d      
            34492 out of 66584 program addresses used, program memory utilization is 51%



                              Symbols - Sorted by Name
                     Name    Address   Location    Storage File                     
                ---------  ---------  ---------  --------- ---------                
                    Alarm   0x001b6c    program     extern E:\Doan-final\final\DoAn_TKLL.X-20230106T151851Z-001\DoAn_TKLL.X\button_matrix\clock.c
        Animation_to_left   0x002f00    program     extern E:\Doan-final\final\DoAn_TKLL.X-20230106T151851Z-001\DoAn_TKLL.X\button_matrix\custom_character.c
       Animation_to_right   0x002e52    program     extern E:\Doan-final\final\DoAn_TKLL.X-20230106T151851Z-001\DoAn_TKLL.X\button_matrix\custom_character.c
                  BCD2Dec   0x007976    program     extern E:\Doan-final\final\DoAn_TKLL.X-20230106T151851Z-001\DoAn_TKLL.X\button_matrix\i2c.c
         BaiTap_ChongRung   0x00788e    program     extern E:\Doan-final\final\DoAn_TKLL.X-20230106T151851Z-001\DoAn_TKLL.X\main.c
              CloseOutput   0x00770a    program     extern E:\Doan-final\final\DoAn_TKLL.X-20230106T151851Z-001\DoAn_TKLL.X\main.c
                   D0808S   0x0067dc    program     static E:\3.46\pic18-lt\cxx-framework\src\traditional\math\fxd0808s.asm
                D0808SNEG   0x0067ea    program     static E:\3.46\pic18-lt\cxx-framework\src\traditional\math\fxd0808s.asm
                 D0808SOK   0x0067e6    program     static E:\3.46\pic18-lt\cxx-framework\src\traditional\math\fxd0808s.asm
                  D0808SX   0x0067f0    program     static E:\3.46\pic18-lt\cxx-framework\src\traditional\math\fxd0808s.asm
                   D1616S   0x00681c    program     static E:\3.46\pic18-lt\cxx-framework\src\traditional\math\fxd1616s.asm
                D1616SNEG   0x00682a    program     static E:\3.46\pic18-lt\cxx-framework\src\traditional\math\fxd1616s.asm
                 D1616SOK   0x006826    program     static E:\3.46\pic18-lt\cxx-framework\src\traditional\math\fxd1616s.asm
                  D1616SX   0x00683c    program     static E:\3.46\pic18-lt\cxx-framework\src\traditional\math\fxd1616s.asm
                   D2424S   0x006870    program     static E:\3.46\pic18-lt\cxx-framework\src\traditional\math\fxd2424s.asm
                D2424SNEG   0x00687e    program     static E:\3.46\pic18-lt\cxx-framework\src\traditional\math\fxd2424s.asm
                 D2424SOK   0x00687a    program     static E:\3.46\pic18-lt\cxx-framework\src\traditional\math\fxd2424s.asm
                  D2424SX   0x006896    program     static E:\3.46\pic18-lt\cxx-framework\src\traditional\math\fxd2424s.asm
                  DA0808S   0x0067d2    program     static E:\3.46\pic18-lt\cxx-framework\src\traditional\math\fxd0808s.asm
                  DA1616S   0x00680c    program     static E:\3.46\pic18-lt\cxx-framework\src\traditional\math\fxd1616s.asm
                  DA2424S   0x00685c    program     static E:\3.46\pic18-lt\cxx-framework\src\traditional\math\fxd2424s.asm
          Day_Week_Number   0x0014bc    program     extern E:\Doan-final\final\DoAn_TKLL.X-20230106T151851Z-001\DoAn_TKLL.X\button_matrix\clock.c
                  Dec2BCD   0x0079b4    program     extern E:\Doan-final\final\DoAn_TKLL.X-20230106T151851Z-001\DoAn_TKLL.X\button_matrix\i2c.c
         DisplayLcdScreen   0x0049bc    program     extern E:\Doan-final\final\DoAn_TKLL.X-20230106T151851Z-001\DoAn_TKLL.X\lcd\lcd.c
        DisplayLcdScreen2   0x004a26    program     extern E:\Doan-final\final\DoAn_TKLL.X-20230106T151851Z-001\DoAn_TKLL.X\lcd\lcd.c
       DisplayLcdScreen_1   0x004e12    program     extern E:\Doan-final\final\DoAn_TKLL.X-20230106T151851Z-001\DoAn_TKLL.X\lcd\lcd.c
                Display_0   0x00276a    program     extern E:\Doan-final\final\DoAn_TKLL.X-20230106T151851Z-001\DoAn_TKLL.X\button_matrix\custom_character.c
                Display_1   0x002818    program     extern E:\Doan-final\final\DoAn_TKLL.X-20230106T151851Z-001\DoAn_TKLL.X\button_matrix\custom_character.c
                Display_2   0x0028aa    program     extern E:\Doan-final\final\DoAn_TKLL.X-20230106T151851Z-001\DoAn_TKLL.X\button_matrix\custom_character.c
                Display_3   0x00295a    program     extern E:\Doan-final\final\DoAn_TKLL.X-20230106T151851Z-001\DoAn_TKLL.X\button_matrix\custom_character.c
                Display_4   0x002a0a    program     extern E:\Doan-final\final\DoAn_TKLL.X-20230106T151851Z-001\DoAn_TKLL.X\button_matrix\custom_character.c
                Display_5   0x002a86    program     extern E:\Doan-final\final\DoAn_TKLL.X-20230106T151851Z-001\DoAn_TKLL.X\button_matrix\custom_character.c
                Display_6   0x002b36    program     extern E:\Doan-final\final\DoAn_TKLL.X-20230106T151851Z-001\DoAn_TKLL.X\button_matrix\custom_character.c
                Display_7   0x002be4    program     extern E:\Doan-final\final\DoAn_TKLL.X-20230106T151851Z-001\DoAn_TKLL.X\button_matrix\custom_character.c
                Display_8   0x002c60    program     extern E:\Doan-final\final\DoAn_TKLL.X-20230106T151851Z-001\DoAn_TKLL.X\button_matrix\custom_character.c
                Display_9   0x002d0e    program     extern E:\Doan-final\final\DoAn_TKLL.X-20230106T151851Z-001\DoAn_TKLL.X\button_matrix\custom_character.c
             Display_Date   0x00064c    program     extern E:\Doan-final\final\DoAn_TKLL.X-20230106T151851Z-001\DoAn_TKLL.X\button_matrix\clock.c
            Display_alarm   0x000cb8    program     extern E:\Doan-final\final\DoAn_TKLL.X-20230106T151851Z-001\DoAn_TKLL.X\button_matrix\clock.c
        Display_animation   0x00308e    program     extern E:\Doan-final\final\DoAn_TKLL.X-20230106T151851Z-001\DoAn_TKLL.X\button_matrix\custom_character.c
   Display_animation_menu   0x001e7c    program     extern E:\Doan-final\final\DoAn_TKLL.X-20230106T151851Z-001\DoAn_TKLL.X\button_matrix\clock.c
       Display_big_number   0x002fae    program     extern E:\Doan-final\final\DoAn_TKLL.X-20230106T151851Z-001\DoAn_TKLL.X\button_matrix\custom_character.c
            Display_focus   0x0020da    program     extern E:\Doan-final\final\DoAn_TKLL.X-20230106T151851Z-001\DoAn_TKLL.X\button_matrix\clock.c
             Display_game   0x0055e0    program     extern E:\Doan-final\final\DoAn_TKLL.X-20230106T151851Z-001\DoAn_TKLL.X\button_matrix\game_lcd.c
 Display_inc_and_dec_mode   0x000e62    program     extern E:\Doan-final\final\DoAn_TKLL.X-20230106T151851Z-001\DoAn_TKLL.X\button_matrix\clock.c
             Display_time   0x0002f2    program     extern E:\Doan-final\final\DoAn_TKLL.X-20230106T151851Z-001\DoAn_TKLL.X\button_matrix\clock.c
     Display_time_big_num   0x001c7c    program     extern E:\Doan-final\final\DoAn_TKLL.X-20230106T151851Z-001\DoAn_TKLL.X\button_matrix\clock.c
                 FLO1632S   0x0064f2    program     extern E:\3.46\pic18-lt\cxx-framework\src\traditional\math\cast16FP.asm
                 FLO1632U   0x0064ee    program     extern E:\3.46\pic18-lt\cxx-framework\src\traditional\math\cast16FP.asm
                    FPA32   0x00651a    program     extern E:\3.46\pic18-lt\cxx-framework\src\traditional\math\addFP.asm
                    FPD32   0x006646    program     extern E:\3.46\pic18-lt\cxx-framework\src\traditional\math\divFP.asm
                    FPM32   0x0066ec    program     extern E:\3.46\pic18-lt\cxx-framework\src\traditional\math\mulFP.asm
                    FPS32   0x006518    program     extern E:\3.46\pic18-lt\cxx-framework\src\traditional\math\addFP.asm
                 FXD0808S   0x0067c6    program     extern E:\3.46\pic18-lt\cxx-framework\src\traditional\math\fxd0808s.asm
                 FXD0808U   0x00810e    program     extern E:\3.46\pic18-lt\cxx-framework\src\traditional\math\fxd0808u.c
                 FXD1616S   0x0067fa    program     extern E:\3.46\pic18-lt\cxx-framework\src\traditional\math\fxd1616s.asm
                 FXD1616U   0x0080a6    program     extern E:\3.46\pic18-lt\cxx-framework\src\traditional\math\fxd1616u.c
                 FXD2424S   0x006846    program     extern E:\3.46\pic18-lt\cxx-framework\src\traditional\math\fxd2424s.asm
                 FXD2424U   0x00806c    program     extern E:\3.46\pic18-lt\cxx-framework\src\traditional\math\fxd2424u.c
                 FXD3232U   0x007fe8    program     extern E:\3.46\pic18-lt\cxx-framework\src\traditional\math\fxd3232u.c
                 FXM1616S   0x0068a0    program     extern E:\3.46\pic18-lt\cxx-framework\src\traditional\math\fxm1616s.asm
                 FXM1616U   0x006a64    program     extern E:\3.46\pic18-lt\cxx-framework\src\traditional\math\fxm1616u.asm
                  FXM3232   0x007f78    program     extern E:\3.46\pic18-lt\cxx-framework\src\traditional\math\fxm3232.c
                GetRandom   0x005068    program     extern E:\Doan-final\final\DoAn_TKLL.X-20230106T151851Z-001\DoAn_TKLL.X\button_matrix\game_lcd.c
                  INT3216   0x0068fa    program     extern E:\3.46\pic18-lt\cxx-framework\src\traditional\math\castFP16.asm
      InterruptVectorHigh   0x000008    program     extern E:\Doan-final\final\DoAn_TKLL.X-20230106T151851Z-001\DoAn_TKLL.X\interrupt\interrupt.c
       InterruptVectorLow   0x000018    program     extern E:\Doan-final\final\DoAn_TKLL.X-20230106T151851Z-001\DoAn_TKLL.X\interrupt\interrupt.c
                LCD_Erase   0x002da2    program     extern E:\Doan-final\final\DoAn_TKLL.X-20230106T151851Z-001\DoAn_TKLL.X\button_matrix\custom_character.c
                LcdClearS   0x00495e    program     extern E:\Doan-final\final\DoAn_TKLL.X-20230106T151851Z-001\DoAn_TKLL.X\lcd\lcd.c
            LcdPrintCharS   0x004aac    program     extern E:\Doan-final\final\DoAn_TKLL.X-20230106T151851Z-001\DoAn_TKLL.X\lcd\lcd.c
           LcdPrintCharS1   0x004b02    program     extern E:\Doan-final\final\DoAn_TKLL.X-20230106T151851Z-001\DoAn_TKLL.X\lcd\lcd.c
              LcdPrintNum   0x00489c    program     extern E:\Doan-final\final\DoAn_TKLL.X-20230106T151851Z-001\DoAn_TKLL.X\lcd\lcd.c
             LcdPrintNumS   0x004b6e    program     extern E:\Doan-final\final\DoAn_TKLL.X-20230106T151851Z-001\DoAn_TKLL.X\lcd\lcd.c
           LcdPrintString   0x0048e4    program     extern E:\Doan-final\final\DoAn_TKLL.X-20230106T151851Z-001\DoAn_TKLL.X\lcd\lcd.c
          LcdPrintStringS   0x004dbc    program     extern E:\Doan-final\final\DoAn_TKLL.X-20230106T151851Z-001\DoAn_TKLL.X\lcd\lcd.c
               OpenOutput   0x0076ba    program     extern E:\Doan-final\final\DoAn_TKLL.X-20230106T151851Z-001\DoAn_TKLL.X\main.c
                Read_time   0x000150    program     extern E:\Doan-final\final\DoAn_TKLL.X-20230106T151851Z-001\DoAn_TKLL.X\button_matrix\clock.c
            ReverseOutput   0x00775a    program     extern E:\Doan-final\final\DoAn_TKLL.X-20230106T151851Z-001\DoAn_TKLL.X\main.c
             SetTimer0_ms   0x00744a    program     extern E:\Doan-final\final\DoAn_TKLL.X-20230106T151851Z-001\DoAn_TKLL.X\timer\timer.c
             SetTimer1_ms   0x00746e    program     extern E:\Doan-final\final\DoAn_TKLL.X-20230106T151851Z-001\DoAn_TKLL.X\timer\timer.c
             SetTimer3_ms   0x0074ac    program     extern E:\Doan-final\final\DoAn_TKLL.X-20230106T151851Z-001\DoAn_TKLL.X\timer\timer.c
                 Set_Time   0x0000e0    program     extern E:\Doan-final\final\DoAn_TKLL.X-20230106T151851Z-001\DoAn_TKLL.X\button_matrix\clock.c
               TSIGN1616A   0x0068ec    program     static E:\3.46\pic18-lt\cxx-framework\src\traditional\math\fxm1616s.asm
               TestOutput   0x0077d6    program     extern E:\Doan-final\final\DoAn_TKLL.X-20230106T151851Z-001\DoAn_TKLL.X\main.c
           Test_KeyMatrix   0x0078f0    program     extern E:\Doan-final\final\DoAn_TKLL.X-20230106T151851Z-001\DoAn_TKLL.X\main.c
                 __FpExit   0x006964    program     extern E:\3.46\pic18-lt\cxx-framework\src\traditional\math\packFP.asm
                 __FpPack   0x006990    program     extern E:\3.46\pic18-lt\cxx-framework\src\traditional\math\packFP.asm
            __FpReturnNaN   0x006958    program     extern E:\3.46\pic18-lt\cxx-framework\src\traditional\math\packFP.asm
         __FpReturnNegInf   0x00696a    program     extern E:\3.46\pic18-lt\cxx-framework\src\traditional\math\packFP.asm
        __FpReturnNegZero   0x006982    program     extern E:\3.46\pic18-lt\cxx-framework\src\traditional\math\packFP.asm
         __FpReturnPosInf   0x006970    program     extern E:\3.46\pic18-lt\cxx-framework\src\traditional\math\packFP.asm
        __FpReturnPosZero   0x00698a    program     extern E:\3.46\pic18-lt\cxx-framework\src\traditional\math\packFP.asm
        __FpReturnSignInf   0x006966    program     extern E:\3.46\pic18-lt\cxx-framework\src\traditional\math\packFP.asm
       __FpReturnSignZero   0x00697e    program     extern E:\3.46\pic18-lt\cxx-framework\src\traditional\math\packFP.asm
              __FpReturnW   0x0069e8    program     extern E:\3.46\pic18-lt\cxx-framework\src\traditional\math\packFP.asm
              __FpUnPackA   0x006a08    program     extern E:\3.46\pic18-lt\cxx-framework\src\traditional\math\UnpackFP.asm
              __FpUnPackB   0x006a38    program     extern E:\3.46\pic18-lt\cxx-framework\src\traditional\math\UnpackFP.asm
       ___return_lbl00000   0x000004    program     static                          
       ___return_lbl00000   0x00802e    program     static                          
       ___return_lbl00000   0x0080a4    program     static                          
       ___return_lbl00000   0x0080d0    program     static                          
       ___return_lbl00000   0x007fe6    program     static                          
       ___return_lbl00000   0x008128    program     static                          
       ___return_lbl00001   0x00810c    program     static                          
       ___return_lbl00002   0x00001c    program     static                          
       ___return_lbl00002   0x007f76    program     static                          
       ___return_lbl00003   0x00000c    program     static                          
               __config_0   0x300001    program     static E:\Doan-final\final\DoAn_TKLL.X-20230106T151851Z-001\DoAn_TKLL.X\main.c
               __config_1   0x300002    program     static E:\Doan-final\final\DoAn_TKLL.X-20230106T151851Z-001\DoAn_TKLL.X\main.c
              __config_10   0x30000d    program     static E:\Doan-final\final\DoAn_TKLL.X-20230106T151851Z-001\DoAn_TKLL.X\main.c
               __config_2   0x300003    program     static E:\Doan-final\final\DoAn_TKLL.X-20230106T151851Z-001\DoAn_TKLL.X\main.c
               __config_3   0x300005    program     static E:\Doan-final\final\DoAn_TKLL.X-20230106T151851Z-001\DoAn_TKLL.X\main.c
               __config_4   0x300006    program     static E:\Doan-final\final\DoAn_TKLL.X-20230106T151851Z-001\DoAn_TKLL.X\main.c
               __config_5   0x300008    program     static E:\Doan-final\final\DoAn_TKLL.X-20230106T151851Z-001\DoAn_TKLL.X\main.c
               __config_6   0x300009    program     static E:\Doan-final\final\DoAn_TKLL.X-20230106T151851Z-001\DoAn_TKLL.X\main.c
               __config_7   0x30000a    program     static E:\Doan-final\final\DoAn_TKLL.X-20230106T151851Z-001\DoAn_TKLL.X\main.c
               __config_8   0x30000b    program     static E:\Doan-final\final\DoAn_TKLL.X-20230106T151851Z-001\DoAn_TKLL.X\main.c
               __config_9   0x30000c    program     static E:\Doan-final\final\DoAn_TKLL.X-20230106T151851Z-001\DoAn_TKLL.X\main.c
                   __init   0x000006    program     extern E:\3.46\pic18-lt\cxx-framework\src\traditional\stdclib\__init.c
               __string_0   0x007e4c    program     static E:\Doan-final\final\DoAn_TKLL.X-20230106T151851Z-001\DoAn_TKLL.X\button_matrix\clock.c
               __string_0   0x007eca    program     static E:\Doan-final\final\DoAn_TKLL.X-20230106T151851Z-001\DoAn_TKLL.X\button_matrix\game_lcd.c
               __string_0   0x007d7e    program     static E:\Doan-final\final\DoAn_TKLL.X-20230106T151851Z-001\DoAn_TKLL.X\main.c
               __string_0   0x007e9e    program     static E:\Doan-final\final\DoAn_TKLL.X-20230106T151851Z-001\DoAn_TKLL.X\button_matrix\custom_character.c
               __string_0   0x007e84    program     static E:\Doan-final\final\DoAn_TKLL.X-20230106T151851Z-001\DoAn_TKLL.X\button_matrix\fsm.c
               __string_0   0x007dbf    program     static E:\Doan-final\final\DoAn_TKLL.X-20230106T151851Z-001\DoAn_TKLL.X\button_matrix\global.c
               __string_1   0x007e47    program     static E:\Doan-final\final\DoAn_TKLL.X-20230106T151851Z-001\DoAn_TKLL.X\button_matrix\clock.c
               __string_1   0x007e92    program     static E:\Doan-final\final\DoAn_TKLL.X-20230106T151851Z-001\DoAn_TKLL.X\button_matrix\custom_character.c
               __string_1   0x007e73    program     static E:\Doan-final\final\DoAn_TKLL.X-20230106T151851Z-001\DoAn_TKLL.X\button_matrix\fsm.c
               __string_1   0x007ebc    program     static E:\Doan-final\final\DoAn_TKLL.X-20230106T151851Z-001\DoAn_TKLL.X\button_matrix\game_lcd.c
               __string_1   0x007d7c    program     static E:\Doan-final\final\DoAn_TKLL.X-20230106T151851Z-001\DoAn_TKLL.X\main.c
               __string_1   0x007dbb    program     static E:\Doan-final\final\DoAn_TKLL.X-20230106T151851Z-001\DoAn_TKLL.X\button_matrix\global.c
              __string_10   0x007e21    program     static E:\Doan-final\final\DoAn_TKLL.X-20230106T151851Z-001\DoAn_TKLL.X\button_matrix\clock.c
              __string_10   0x007d8a    program     static E:\Doan-final\final\DoAn_TKLL.X-20230106T151851Z-001\DoAn_TKLL.X\button_matrix\global.c
              __string_11   0x007d83    program     static E:\Doan-final\final\DoAn_TKLL.X-20230106T151851Z-001\DoAn_TKLL.X\button_matrix\global.c
              __string_11   0x007e1e    program     static E:\Doan-final\final\DoAn_TKLL.X-20230106T151851Z-001\DoAn_TKLL.X\button_matrix\clock.c
              __string_12   0x007e1c    program     static E:\Doan-final\final\DoAn_TKLL.X-20230106T151851Z-001\DoAn_TKLL.X\button_matrix\clock.c
              __string_13   0x007e11    program     static E:\Doan-final\final\DoAn_TKLL.X-20230106T151851Z-001\DoAn_TKLL.X\button_matrix\clock.c
              __string_14   0x007e0e    program     static E:\Doan-final\final\DoAn_TKLL.X-20230106T151851Z-001\DoAn_TKLL.X\button_matrix\clock.c
              __string_15   0x007e0c    program     static E:\Doan-final\final\DoAn_TKLL.X-20230106T151851Z-001\DoAn_TKLL.X\button_matrix\clock.c
              __string_16   0x007e07    program     static E:\Doan-final\final\DoAn_TKLL.X-20230106T151851Z-001\DoAn_TKLL.X\button_matrix\clock.c
              __string_17   0x007e01    program     static E:\Doan-final\final\DoAn_TKLL.X-20230106T151851Z-001\DoAn_TKLL.X\button_matrix\clock.c
              __string_18   0x007dfb    program     static E:\Doan-final\final\DoAn_TKLL.X-20230106T151851Z-001\DoAn_TKLL.X\button_matrix\clock.c
              __string_19   0x007dee    program     static E:\Doan-final\final\DoAn_TKLL.X-20230106T151851Z-001\DoAn_TKLL.X\button_matrix\clock.c
               __string_2   0x007e69    program     static E:\Doan-final\final\DoAn_TKLL.X-20230106T151851Z-001\DoAn_TKLL.X\button_matrix\fsm.c
               __string_2   0x007eb1    program     static E:\Doan-final\final\DoAn_TKLL.X-20230106T151851Z-001\DoAn_TKLL.X\button_matrix\game_lcd.c
               __string_2   0x007d7a    program     static E:\Doan-final\final\DoAn_TKLL.X-20230106T151851Z-001\DoAn_TKLL.X\main.c
               __string_2   0x007e8d    program     static E:\Doan-final\final\DoAn_TKLL.X-20230106T151851Z-001\DoAn_TKLL.X\button_matrix\custom_character.c
               __string_2   0x007db7    program     static E:\Doan-final\final\DoAn_TKLL.X-20230106T151851Z-001\DoAn_TKLL.X\button_matrix\global.c
              __string_20   0x007ddd    program     static E:\Doan-final\final\DoAn_TKLL.X-20230106T151851Z-001\DoAn_TKLL.X\button_matrix\clock.c
              __string_21   0x007dce    program     static E:\Doan-final\final\DoAn_TKLL.X-20230106T151851Z-001\DoAn_TKLL.X\button_matrix\clock.c
              __string_22   0x007dc3    program     static E:\Doan-final\final\DoAn_TKLL.X-20230106T151851Z-001\DoAn_TKLL.X\button_matrix\clock.c
               __string_3   0x007e58    program     static E:\Doan-final\final\DoAn_TKLL.X-20230106T151851Z-001\DoAn_TKLL.X\button_matrix\fsm.c
               __string_3   0x007ea8    program     static E:\Doan-final\final\DoAn_TKLL.X-20230106T151851Z-001\DoAn_TKLL.X\button_matrix\game_lcd.c
               __string_3   0x007db3    program     static E:\Doan-final\final\DoAn_TKLL.X-20230106T151851Z-001\DoAn_TKLL.X\button_matrix\global.c
               __string_3   0x007e37    program     static E:\Doan-final\final\DoAn_TKLL.X-20230106T151851Z-001\DoAn_TKLL.X\button_matrix\clock.c
               __string_4   0x007dae    program     static E:\Doan-final\final\DoAn_TKLL.X-20230106T151851Z-001\DoAn_TKLL.X\button_matrix\global.c
               __string_4   0x007e33    program     static E:\Doan-final\final\DoAn_TKLL.X-20230106T151851Z-001\DoAn_TKLL.X\button_matrix\clock.c
               __string_5   0x007e2f    program     static E:\Doan-final\final\DoAn_TKLL.X-20230106T151851Z-001\DoAn_TKLL.X\button_matrix\clock.c
               __string_5   0x007daa    program     static E:\Doan-final\final\DoAn_TKLL.X-20230106T151851Z-001\DoAn_TKLL.X\button_matrix\global.c
               __string_6   0x007e2b    program     static E:\Doan-final\final\DoAn_TKLL.X-20230106T151851Z-001\DoAn_TKLL.X\button_matrix\clock.c
               __string_6   0x007da6    program     static E:\Doan-final\final\DoAn_TKLL.X-20230106T151851Z-001\DoAn_TKLL.X\button_matrix\global.c
               __string_7   0x007e29    program     static E:\Doan-final\final\DoAn_TKLL.X-20230106T151851Z-001\DoAn_TKLL.X\button_matrix\clock.c
               __string_7   0x007d9e    program     static E:\Doan-final\final\DoAn_TKLL.X-20230106T151851Z-001\DoAn_TKLL.X\button_matrix\global.c
               __string_8   0x007e25    program     static E:\Doan-final\final\DoAn_TKLL.X-20230106T151851Z-001\DoAn_TKLL.X\button_matrix\clock.c
               __string_8   0x007d98    program     static E:\Doan-final\final\DoAn_TKLL.X-20230106T151851Z-001\DoAn_TKLL.X\button_matrix\global.c
               __string_9   0x007e23    program     static E:\Doan-final\final\DoAn_TKLL.X-20230106T151851Z-001\DoAn_TKLL.X\button_matrix\clock.c
               __string_9   0x007d91    program     static E:\Doan-final\final\DoAn_TKLL.X-20230106T151851Z-001\DoAn_TKLL.X\button_matrix\global.c
              __tmplbl_19   0x0064a8    program     static                          
              __tmplbl_20   0x0062bc    program     static                          
              __tmplbl_21   0x006276    program     static                          
              __tmplbl_22   0x00624a    program     static                          
              __tmplbl_28   0x0064da    program     static                          
              __tmplbl_29   0x0064da    program     static                          
              __tmplbl_30   0x0064da    program     static                          
              __tmplbl_31   0x0064da    program     static                          
              __tmplbl_37   0x0064d6    program     static                          
              __tmplbl_38   0x0064d6    program     static                          
              __tmplbl_39   0x0064da    program     static                          
               __tmplbl_4   0x003a84    program     static                          
            __zero_memory   0x0080d2    program     extern E:\3.46\pic18-lt\cxx-framework\src\traditional\proc\p18f4620.asm
                _do_cinit   0x007eda    program     extern E:\3.46\pic18-lt\cxx-framework\src\traditional\startup\c018i.c
                   _entry   0x000000    program     extern E:\3.46\pic18-lt\cxx-framework\src\traditional\startup\c018i.c
                   _false   0x00802a    program     static                          
                   _false   0x0080a0    program     static                          
                 _startup   0x0080f2    program     extern E:\3.46\pic18-lt\cxx-framework\src\traditional\startup\c018i.c
          clear_game_mode   0x0052e8    program     extern E:\Doan-final\final\DoAn_TKLL.X-20230106T151851Z-001\DoAn_TKLL.X\button_matrix\game_lcd.c
                compare_l   0x0080e8    program     static E:\3.46\pic18-lt\cxx-framework\src\traditional\proc\p18f4620.asm
                copy_loop   0x007f4c    program     static                          
            copy_one_byte   0x007f52    program     static                          
              counter_run   0x0017f6    program     extern E:\Doan-final\final\DoAn_TKLL.X-20230106T151851Z-001\DoAn_TKLL.X\button_matrix\clock.c
         create_character   0x004e98    program     extern E:\Doan-final\final\DoAn_TKLL.X-20230106T151851Z-001\DoAn_TKLL.X\button_matrix\game_lcd.c
    custom_char_animation   0x00256a    program     extern E:\Doan-final\final\DoAn_TKLL.X-20230106T151851Z-001\DoAn_TKLL.X\button_matrix\custom_character.c
          custom_char_num   0x00230a    program     extern E:\Doan-final\final\DoAn_TKLL.X-20230106T151851Z-001\DoAn_TKLL.X\button_matrix\custom_character.c
                 decrease   0x000bc8    program     extern E:\Doan-final\final\DoAn_TKLL.X-20230106T151851Z-001\DoAn_TKLL.X\button_matrix\clock.c
                delay_i2c   0x007a10    program     extern E:\Doan-final\final\DoAn_TKLL.X-20230106T151851Z-001\DoAn_TKLL.X\button_matrix\i2c.c
                 delay_ms   0x0075ac    program     extern E:\Doan-final\final\DoAn_TKLL.X-20230106T151851Z-001\DoAn_TKLL.X\main.c
          display_counter   0x00185e    program     extern E:\Doan-final\final\DoAn_TKLL.X-20230106T151851Z-001\DoAn_TKLL.X\button_matrix\clock.c
             display_menu   0x0001cc    program     extern E:\Doan-final\final\DoAn_TKLL.X-20230106T151851Z-001\DoAn_TKLL.X\button_matrix\clock.c
        display_worldtime   0x0008fa    program     extern E:\Doan-final\final\DoAn_TKLL.X-20230106T151851Z-001\DoAn_TKLL.X\button_matrix\clock.c
                     done   0x007f76    program     static                          
             done_copying   0x007f60    program     static                          
                  endloop   0x0080cc    program     static                          
                  endloop   0x008124    program     static                          
                focus_run   0x00204a    program     extern E:\Doan-final\final\DoAn_TKLL.X-20230106T151851Z-001\DoAn_TKLL.X\button_matrix\clock.c
                      fsm   0x005a00    program     extern E:\Doan-final\final\DoAn_TKLL.X-20230106T151851Z-001\DoAn_TKLL.X\button_matrix\fsm.c
                 high_isr   0x007caa    program     extern E:\Doan-final\final\DoAn_TKLL.X-20230106T151851Z-001\DoAn_TKLL.X\interrupt\interrupt.c
            i2c_read_byte   0x007ac8    program     extern E:\Doan-final\final\DoAn_TKLL.X-20230106T151851Z-001\DoAn_TKLL.X\button_matrix\i2c.c
           i2c_start_cond   0x007a38    program     extern E:\Doan-final\final\DoAn_TKLL.X-20230106T151851Z-001\DoAn_TKLL.X\button_matrix\i2c.c
            i2c_stop_cond   0x007a4c    program     extern E:\Doan-final\final\DoAn_TKLL.X-20230106T151851Z-001\DoAn_TKLL.X\button_matrix\i2c.c
           i2c_write_byte   0x007a58    program     extern E:\Doan-final\final\DoAn_TKLL.X-20230106T151851Z-001\DoAn_TKLL.X\button_matrix\i2c.c
                 increase   0x000a7e    program     extern E:\Doan-final\final\DoAn_TKLL.X-20230106T151851Z-001\DoAn_TKLL.X\button_matrix\clock.c
            init_ext_int0   0x007bbe    program     extern E:\Doan-final\final\DoAn_TKLL.X-20230106T151851Z-001\DoAn_TKLL.X\interrupt\interrupt.c
                 init_i2c   0x007a0a    program     extern E:\Doan-final\final\DoAn_TKLL.X-20230106T151851Z-001\DoAn_TKLL.X\button_matrix\i2c.c
           init_interrupt   0x007bb6    program     extern E:\Doan-final\final\DoAn_TKLL.X-20230106T151851Z-001\DoAn_TKLL.X\interrupt\interrupt.c
          init_key_matrix   0x006aa0    program     extern E:\Doan-final\final\DoAn_TKLL.X-20230106T151851Z-001\DoAn_TKLL.X\button_matrix\button.c
                 init_lcd   0x0042da    program     extern E:\Doan-final\final\DoAn_TKLL.X-20230106T151851Z-001\DoAn_TKLL.X\lcd\lcd.c
              init_system   0x007634    program     extern E:\Doan-final\final\DoAn_TKLL.X-20230106T151851Z-001\DoAn_TKLL.X\main.c
              init_timer0   0x006fce    program     extern E:\Doan-final\final\DoAn_TKLL.X-20230106T151851Z-001\DoAn_TKLL.X\timer\timer.c
              init_timer1   0x007112    program     extern E:\Doan-final\final\DoAn_TKLL.X-20230106T151851Z-001\DoAn_TKLL.X\timer\timer.c
              init_timer2   0x00725c    program     extern E:\Doan-final\final\DoAn_TKLL.X-20230106T151851Z-001\DoAn_TKLL.X\timer\timer.c
              init_timer3   0x007294    program     extern E:\Doan-final\final\DoAn_TKLL.X-20230106T151851Z-001\DoAn_TKLL.X\timer\timer.c
             isButtonDown   0x00787e    program     extern E:\Doan-final\final\DoAn_TKLL.X-20230106T151851Z-001\DoAn_TKLL.X\main.c
               isButtonUp   0x007852    program     extern E:\Doan-final\final\DoAn_TKLL.X-20230106T151851Z-001\DoAn_TKLL.X\main.c
            is_12h_format   0x0002a0    program     extern E:\Doan-final\final\DoAn_TKLL.X-20230106T151851Z-001\DoAn_TKLL.X\button_matrix\clock.c
            is_24h_format   0x0002cc    program     extern E:\Doan-final\final\DoAn_TKLL.X-20230106T151851Z-001\DoAn_TKLL.X\button_matrix\clock.c
              is_key_down   0x006eec    program     extern E:\Doan-final\final\DoAn_TKLL.X-20230106T151851Z-001\DoAn_TKLL.X\button_matrix\button.c
           is_key_pressed   0x006e36    program     extern E:\Doan-final\final\DoAn_TKLL.X-20230106T151851Z-001\DoAn_TKLL.X\button_matrix\button.c
  is_key_pressed_for_game   0x006f4a    program     extern E:\Doan-final\final\DoAn_TKLL.X-20230106T151851Z-001\DoAn_TKLL.X\button_matrix\button.c
                 jANotInf   0x00670a    program     static E:\3.46\pic18-lt\cxx-framework\src\traditional\math\mulFP.asm
                 jANotInf   0x006664    program     static E:\3.46\pic18-lt\cxx-framework\src\traditional\math\divFP.asm
                 jANotInf   0x006542    program     static E:\3.46\pic18-lt\cxx-framework\src\traditional\math\addFP.asm
                 jANotNeg   0x0065d6    program     static E:\3.46\pic18-lt\cxx-framework\src\traditional\math\addFP.asm
                jANotZero   0x006678    program     static E:\3.46\pic18-lt\cxx-framework\src\traditional\math\divFP.asm
              jAandWsetup   0x0065a6    program     static E:\3.46\pic18-lt\cxx-framework\src\traditional\math\addFP.asm
                 jAltBexp   0x006594    program     static E:\3.46\pic18-lt\cxx-framework\src\traditional\math\addFP.asm
                jBANotInf   0x006538    program     static E:\3.46\pic18-lt\cxx-framework\src\traditional\math\addFP.asm
                 jBNotInf   0x006550    program     static E:\3.46\pic18-lt\cxx-framework\src\traditional\math\addFP.asm
              jBothFinite   0x006718    program     static E:\3.46\pic18-lt\cxx-framework\src\traditional\math\mulFP.asm
             jBothNotZero   0x006724    program     static E:\3.46\pic18-lt\cxx-framework\src\traditional\math\mulFP.asm
            jDifOrPosSign   0x006564    program     static E:\3.46\pic18-lt\cxx-framework\src\traditional\math\addFP.asm
                    jExit   0x006956    program     static E:\3.46\pic18-lt\cxx-framework\src\traditional\math\castFP16.asm
               jFinalSign   0x00663e    program     static E:\3.46\pic18-lt\cxx-framework\src\traditional\math\addFP.asm
                jHaveZero   0x006720    program     static E:\3.46\pic18-lt\cxx-framework\src\traditional\math\mulFP.asm
                jI2F16Beg   0x006502    program     static E:\3.46\pic18-lt\cxx-framework\src\traditional\math\cast16FP.asm
                    jLoop   0x006936    program     static E:\3.46\pic18-lt\cxx-framework\src\traditional\math\castFP16.asm
                    jLoop   0x0066a0    program     static E:\3.46\pic18-lt\cxx-framework\src\traditional\math\divFP.asm
                jLoopExit   0x006946    program     static E:\3.46\pic18-lt\cxx-framework\src\traditional\math\castFP16.asm
                     jMax   0x00690a    program     static E:\3.46\pic18-lt\cxx-framework\src\traditional\math\castFP16.asm
                  jMaxNeg   0x006918    program     static E:\3.46\pic18-lt\cxx-framework\src\traditional\math\castFP16.asm
                  jMaxPos   0x00690e    program     static E:\3.46\pic18-lt\cxx-framework\src\traditional\math\castFP16.asm
                    jNext   0x0066c6    program     static E:\3.46\pic18-lt\cxx-framework\src\traditional\math\divFP.asm
                jNoAdjust   0x0066c4    program     static E:\3.46\pic18-lt\cxx-framework\src\traditional\math\divFP.asm
             jNotBothZero   0x006568    program     static E:\3.46\pic18-lt\cxx-framework\src\traditional\math\addFP.asm
                  jNotInf   0x006926    program     static E:\3.46\pic18-lt\cxx-framework\src\traditional\math\castFP16.asm
                  jPkLoop   0x00699e    program     static E:\3.46\pic18-lt\cxx-framework\src\traditional\math\packFP.asm
             jPkRoundDone   0x0069e8    program     static E:\3.46\pic18-lt\cxx-framework\src\traditional\math\packFP.asm
               jPkRoundIt   0x0069d0    program     static E:\3.46\pic18-lt\cxx-framework\src\traditional\math\packFP.asm
             jPkShiftDone   0x0069ba    program     static E:\3.46\pic18-lt\cxx-framework\src\traditional\math\packFP.asm
           jReturnPosInf0   0x006974    program     static E:\3.46\pic18-lt\cxx-framework\src\traditional\math\packFP.asm
               jShiftDone   0x0065fe    program     static E:\3.46\pic18-lt\cxx-framework\src\traditional\math\addFP.asm
               jShiftLoop   0x0065f0    program     static E:\3.46\pic18-lt\cxx-framework\src\traditional\math\addFP.asm
                jSignDone   0x00662e    program     static E:\3.46\pic18-lt\cxx-framework\src\traditional\math\addFP.asm
              jSignedZero   0x00666e    program     static E:\3.46\pic18-lt\cxx-framework\src\traditional\math\divFP.asm
                  jUnpkA1   0x006a12    program     static E:\3.46\pic18-lt\cxx-framework\src\traditional\math\UnpackFP.asm
                  jUnpkA2   0x006a2a    program     static E:\3.46\pic18-lt\cxx-framework\src\traditional\math\UnpackFP.asm
                 jUnpkANZ   0x006a20    program     static E:\3.46\pic18-lt\cxx-framework\src\traditional\math\UnpackFP.asm
                  jUnpkB1   0x006a42    program     static E:\3.46\pic18-lt\cxx-framework\src\traditional\math\UnpackFP.asm
                  jUnpkB2   0x006a5a    program     static E:\3.46\pic18-lt\cxx-framework\src\traditional\math\UnpackFP.asm
                 jUnpkBNZ   0x006a50    program     static E:\3.46\pic18-lt\cxx-framework\src\traditional\math\UnpackFP.asm
                 jUnpkNaN   0x006a34    program     static E:\3.46\pic18-lt\cxx-framework\src\traditional\math\UnpackFP.asm
                 jWNotNeg   0x0065ea    program     static E:\3.46\pic18-lt\cxx-framework\src\traditional\math\addFP.asm
                    jZero   0x006920    program     static E:\3.46\pic18-lt\cxx-framework\src\traditional\math\castFP16.asm
               jZero1and2   0x006978    program     static E:\3.46\pic18-lt\cxx-framework\src\traditional\math\packFP.asm
                lcd_clear   0x004888    program     extern E:\Doan-final\final\DoAn_TKLL.X-20230106T151851Z-001\DoAn_TKLL.X\lcd\lcd.c
                lcd_delay   0x00414e    program     extern E:\Doan-final\final\DoAn_TKLL.X-20230106T151851Z-001\DoAn_TKLL.X\lcd\lcd.c
             lcd_power_of   0x004538    program     extern E:\Doan-final\final\DoAn_TKLL.X-20230106T151851Z-001\DoAn_TKLL.X\lcd\lcd.c
           lcd_print_char   0x004478    program     extern E:\Doan-final\final\DoAn_TKLL.X-20230106T151851Z-001\DoAn_TKLL.X\lcd\lcd.c
          lcd_print_charS   0x004918    program     extern E:\Doan-final\final\DoAn_TKLL.X-20230106T151851Z-001\DoAn_TKLL.X\lcd\lcd.c
         lcd_print_char_1   0x004492    program     extern E:\Doan-final\final\DoAn_TKLL.X-20230106T151851Z-001\DoAn_TKLL.X\lcd\lcd.c
            lcd_print_num   0x00461a    program     extern E:\Doan-final\final\DoAn_TKLL.X-20230106T151851Z-001\DoAn_TKLL.X\lcd\lcd.c
            lcd_print_str   0x0044f8    program     extern E:\Doan-final\final\DoAn_TKLL.X-20230106T151851Z-001\DoAn_TKLL.X\lcd\lcd.c
         lcd_send_command   0x00425a    program     extern E:\Doan-final\final\DoAn_TKLL.X-20230106T151851Z-001\DoAn_TKLL.X\lcd\lcd.c
           lcd_set_cursor   0x004850    program     extern E:\Doan-final\final\DoAn_TKLL.X-20230106T151851Z-001\DoAn_TKLL.X\lcd\lcd.c
          lcd_write_4bits   0x0043e8    program     extern E:\Doan-final\final\DoAn_TKLL.X-20230106T151851Z-001\DoAn_TKLL.X\lcd\lcd.c
            lcd_write_cmd   0x004416    program     extern E:\Doan-final\final\DoAn_TKLL.X-20230106T151851Z-001\DoAn_TKLL.X\lcd\lcd.c
           lcd_write_data   0x004446    program     extern E:\Doan-final\final\DoAn_TKLL.X-20230106T151851Z-001\DoAn_TKLL.X\lcd\lcd.c
                     loop   0x007ff6    program     static                          
                     loop   0x008078    program     static                          
                     loop   0x0080b0    program     static                          
                     loop   0x008102    program     static                          
                     loop   0x008116    program     static                          
                   loop_h   0x0080e0    program     static E:\3.46\pic18-lt\cxx-framework\src\traditional\proc\p18f4620.asm
                   loop_l   0x0080ea    program     static E:\3.46\pic18-lt\cxx-framework\src\traditional\proc\p18f4620.asm
                  low_isr   0x007bc6    program     extern E:\Doan-final\final\DoAn_TKLL.X-20230106T151851Z-001\DoAn_TKLL.X\interrupt\interrupt.c
                     main   0x0074ea    program     extern E:\Doan-final\final\DoAn_TKLL.X-20230106T151851Z-001\DoAn_TKLL.X\main.c
                     rand   0x00803e    program     extern E:\3.46\pic18-lt\cxx-framework\src\traditional\stdclib\rand.asm
                   random   0x003b5c    program     extern E:\Doan-final\final\DoAn_TKLL.X-20230106T151851Z-001\DoAn_TKLL.X\button_matrix\custom_character.c
              read_ds1307   0x007b6c    program     extern E:\Doan-final\final\DoAn_TKLL.X-20230106T151851Z-001\DoAn_TKLL.X\button_matrix\i2c.c
             read_sda_pin   0x007a32    program     extern E:\Doan-final\final\DoAn_TKLL.X-20230106T151851Z-001\DoAn_TKLL.X\button_matrix\i2c.c
          scan_key_button   0x006aa8    program     extern E:\Doan-final\final\DoAn_TKLL.X-20230106T151851Z-001\DoAn_TKLL.X\button_matrix\button.c
          scan_key_matrix   0x006b64    program     extern E:\Doan-final\final\DoAn_TKLL.X-20230106T151851Z-001\DoAn_TKLL.X\button_matrix\button.c
         scan_key_matrix1   0x006cc2    program     extern E:\Doan-final\final\DoAn_TKLL.X-20230106T151851Z-001\DoAn_TKLL.X\button_matrix\button.c
             scroll_world   0x00516e    program     extern E:\Doan-final\final\DoAn_TKLL.X-20230106T151851Z-001\DoAn_TKLL.X\button_matrix\game_lcd.c
                    srand   0x008030    program     extern E:\3.46\pic18-lt\cxx-framework\src\traditional\stdclib\rand.asm
             start_timer0   0x007086    program     extern E:\Doan-final\final\DoAn_TKLL.X-20230106T151851Z-001\DoAn_TKLL.X\timer\timer.c
             start_timer1   0x0071cc    program     extern E:\Doan-final\final\DoAn_TKLL.X-20230106T151851Z-001\DoAn_TKLL.X\timer\timer.c
             start_timer2   0x007288    program     extern E:\Doan-final\final\DoAn_TKLL.X-20230106T151851Z-001\DoAn_TKLL.X\timer\timer.c
             start_timer3   0x00734a    program     extern E:\Doan-final\final\DoAn_TKLL.X-20230106T151851Z-001\DoAn_TKLL.X\timer\timer.c
              stop_timer0   0x007082    program     extern E:\Doan-final\final\DoAn_TKLL.X-20230106T151851Z-001\DoAn_TKLL.X\timer\timer.c
              stop_timer1   0x007258    program     extern E:\Doan-final\final\DoAn_TKLL.X-20230106T151851Z-001\DoAn_TKLL.X\timer\timer.c
              stop_timer2   0x007290    program     extern E:\Doan-final\final\DoAn_TKLL.X-20230106T151851Z-001\DoAn_TKLL.X\timer\timer.c
              stop_timer3   0x0073d6    program     extern E:\Doan-final\final\DoAn_TKLL.X-20230106T151851Z-001\DoAn_TKLL.X\timer\timer.c
                     test   0x003aa4    program     extern E:\Doan-final\final\DoAn_TKLL.X-20230106T151851Z-001\DoAn_TKLL.X\button_matrix\custom_character.c
                     test   0x007ef4    program     static                          
               timer0_isr   0x0073da    program     extern E:\Doan-final\final\DoAn_TKLL.X-20230106T151851Z-001\DoAn_TKLL.X\timer\timer.c
               timer1_isr   0x0073f6    program     extern E:\Doan-final\final\DoAn_TKLL.X-20230106T151851Z-001\DoAn_TKLL.X\timer\timer.c
               timer2_isr   0x007412    program     extern E:\Doan-final\final\DoAn_TKLL.X-20230106T151851Z-001\DoAn_TKLL.X\timer\timer.c
               timer3_isr   0x00742e    program     extern E:\Doan-final\final\DoAn_TKLL.X-20230106T151851Z-001\DoAn_TKLL.X\timer\timer.c
             update_world   0x0053d6    program     extern E:\Doan-final\final\DoAn_TKLL.X-20230106T151851Z-001\DoAn_TKLL.X\button_matrix\game_lcd.c
                 v_timer0   0x0041ca    program     extern E:\Doan-final\final\DoAn_TKLL.X-20230106T151851Z-001\DoAn_TKLL.X\lcd\lcd.c
           wave_animation   0x003c04    program     extern E:\Doan-final\final\DoAn_TKLL.X-20230106T151851Z-001\DoAn_TKLL.X\button_matrix\custom_character.c
             write_ds1307   0x007b36    program     extern E:\Doan-final\final\DoAn_TKLL.X-20230106T151851Z-001\DoAn_TKLL.X\button_matrix\i2c.c
               zero_block   0x0080e0    program     static E:\3.46\pic18-lt\cxx-framework\src\traditional\proc\p18f4620.asm
                   ADCON0   0x000fc2       data     extern E:\3.46\pic18-lt\cxx-framework\src\traditional\proc\p18f4620.asm
               ADCON0bits   0x000fc2       data     extern E:\3.46\pic18-lt\cxx-framework\src\traditional\proc\p18f4620.asm
                   ADCON1   0x000fc1       data     extern E:\3.46\pic18-lt\cxx-framework\src\traditional\proc\p18f4620.asm
               ADCON1bits   0x000fc1       data     extern E:\3.46\pic18-lt\cxx-framework\src\traditional\proc\p18f4620.asm
                   ADCON2   0x000fc0       data     extern E:\3.46\pic18-lt\cxx-framework\src\traditional\proc\p18f4620.asm
               ADCON2bits   0x000fc0       data     extern E:\3.46\pic18-lt\cxx-framework\src\traditional\proc\p18f4620.asm
                    ADRES   0x000fc3       data     extern E:\3.46\pic18-lt\cxx-framework\src\traditional\proc\p18f4620.asm
                   ADRESH   0x000fc4       data     extern E:\3.46\pic18-lt\cxx-framework\src\traditional\proc\p18f4620.asm
                   ADRESL   0x000fc3       data     extern E:\3.46\pic18-lt\cxx-framework\src\traditional\proc\p18f4620.asm
                  BAUDCON   0x000fb8       data     extern E:\3.46\pic18-lt\cxx-framework\src\traditional\proc\p18f4620.asm
              BAUDCONbits   0x000fb8       data     extern E:\3.46\pic18-lt\cxx-framework\src\traditional\proc\p18f4620.asm
                  BAUDCTL   0x000fb8       data     extern E:\3.46\pic18-lt\cxx-framework\src\traditional\proc\p18f4620.asm
              BAUDCTLbits   0x000fb8       data     extern E:\3.46\pic18-lt\cxx-framework\src\traditional\proc\p18f4620.asm
                      BSR   0x000fe0       data     extern E:\3.46\pic18-lt\cxx-framework\src\traditional\proc\p18f4620.asm
                     Bell   0x0003b8       data     extern E:\Doan-final\final\DoAn_TKLL.X-20230106T151851Z-001\DoAn_TKLL.X\button_matrix\fsm.c
                  CCP1CON   0x000fbd       data     extern E:\3.46\pic18-lt\cxx-framework\src\traditional\proc\p18f4620.asm
              CCP1CONbits   0x000fbd       data     extern E:\3.46\pic18-lt\cxx-framework\src\traditional\proc\p18f4620.asm
                  CCP2CON   0x000fba       data     extern E:\3.46\pic18-lt\cxx-framework\src\traditional\proc\p18f4620.asm
              CCP2CONbits   0x000fba       data     extern E:\3.46\pic18-lt\cxx-framework\src\traditional\proc\p18f4620.asm
                    CCPR1   0x000fbe       data     extern E:\3.46\pic18-lt\cxx-framework\src\traditional\proc\p18f4620.asm
                   CCPR1H   0x000fbf       data     extern E:\3.46\pic18-lt\cxx-framework\src\traditional\proc\p18f4620.asm
                   CCPR1L   0x000fbe       data     extern E:\3.46\pic18-lt\cxx-framework\src\traditional\proc\p18f4620.asm
                    CCPR2   0x000fbb       data     extern E:\3.46\pic18-lt\cxx-framework\src\traditional\proc\p18f4620.asm
                   CCPR2H   0x000fbc       data     extern E:\3.46\pic18-lt\cxx-framework\src\traditional\proc\p18f4620.asm
                   CCPR2L   0x000fbb       data     extern E:\3.46\pic18-lt\cxx-framework\src\traditional\proc\p18f4620.asm
                      CDL   0x000f18       data     extern E:\Doan-final\final\DoAn_TKLL.X-20230106T151851Z-001\DoAn_TKLL.X\button_matrix\custom_character.c
                      CDR   0x000f28       data     extern E:\Doan-final\final\DoAn_TKLL.X-20230106T151851Z-001\DoAn_TKLL.X\button_matrix\custom_character.c
                    CMCON   0x000fb4       data     extern E:\3.46\pic18-lt\cxx-framework\src\traditional\proc\p18f4620.asm
                CMCONbits   0x000fb4       data     extern E:\3.46\pic18-lt\cxx-framework\src\traditional\proc\p18f4620.asm
                      CUL   0x000f00       data     extern E:\Doan-final\final\DoAn_TKLL.X-20230106T151851Z-001\DoAn_TKLL.X\button_matrix\custom_character.c
                      CUR   0x000f10       data     extern E:\Doan-final\final\DoAn_TKLL.X-20230106T151851Z-001\DoAn_TKLL.X\button_matrix\custom_character.c
                   CVRCON   0x000fb5       data     extern E:\3.46\pic18-lt\cxx-framework\src\traditional\proc\p18f4620.asm
               CVRCONbits   0x000fb5       data     extern E:\3.46\pic18-lt\cxx-framework\src\traditional\proc\p18f4620.asm
                     DDRA   0x000f92       data     extern E:\3.46\pic18-lt\cxx-framework\src\traditional\proc\p18f4620.asm
                 DDRAbits   0x000f92       data     extern E:\3.46\pic18-lt\cxx-framework\src\traditional\proc\p18f4620.asm
                     DDRB   0x000f93       data     extern E:\3.46\pic18-lt\cxx-framework\src\traditional\proc\p18f4620.asm
                 DDRBbits   0x000f93       data     extern E:\3.46\pic18-lt\cxx-framework\src\traditional\proc\p18f4620.asm
                     DDRC   0x000f94       data     extern E:\3.46\pic18-lt\cxx-framework\src\traditional\proc\p18f4620.asm
                 DDRCbits   0x000f94       data     extern E:\3.46\pic18-lt\cxx-framework\src\traditional\proc\p18f4620.asm
                     DDRD   0x000f95       data     extern E:\3.46\pic18-lt\cxx-framework\src\traditional\proc\p18f4620.asm
                 DDRDbits   0x000f95       data     extern E:\3.46\pic18-lt\cxx-framework\src\traditional\proc\p18f4620.asm
                     DDRE   0x000f96       data     extern E:\3.46\pic18-lt\cxx-framework\src\traditional\proc\p18f4620.asm
                 DDREbits   0x000f96       data     extern E:\3.46\pic18-lt\cxx-framework\src\traditional\proc\p18f4620.asm
                     DOWN   0x000f20       data     extern E:\Doan-final\final\DoAn_TKLL.X-20230106T151851Z-001\DoAn_TKLL.X\button_matrix\custom_character.c
                  ECCP1AS   0x000fb6       data     extern E:\3.46\pic18-lt\cxx-framework\src\traditional\proc\p18f4620.asm
              ECCP1ASbits   0x000fb6       data     extern E:\3.46\pic18-lt\cxx-framework\src\traditional\proc\p18f4620.asm
                    EEADR   0x000fa9       data     extern E:\3.46\pic18-lt\cxx-framework\src\traditional\proc\p18f4620.asm
                   EEADRH   0x000faa       data     extern E:\3.46\pic18-lt\cxx-framework\src\traditional\proc\p18f4620.asm
                   EECON1   0x000fa6       data     extern E:\3.46\pic18-lt\cxx-framework\src\traditional\proc\p18f4620.asm
               EECON1bits   0x000fa6       data     extern E:\3.46\pic18-lt\cxx-framework\src\traditional\proc\p18f4620.asm
                   EECON2   0x000fa7       data     extern E:\3.46\pic18-lt\cxx-framework\src\traditional\proc\p18f4620.asm
                   EEDATA   0x000fa8       data     extern E:\3.46\pic18-lt\cxx-framework\src\traditional\proc\p18f4620.asm
                 EIGHT_UP   0x000f30       data     extern E:\Doan-final\final\DoAn_TKLL.X-20230106T151851Z-001\DoAn_TKLL.X\button_matrix\custom_character.c
                     FSR0   0x000fe9       data     extern E:\3.46\pic18-lt\cxx-framework\src\traditional\proc\p18f4620.asm
                    FSR0H   0x000fea       data     extern E:\3.46\pic18-lt\cxx-framework\src\traditional\proc\p18f4620.asm
                    FSR0L   0x000fe9       data     extern E:\3.46\pic18-lt\cxx-framework\src\traditional\proc\p18f4620.asm
                     FSR1   0x000fe1       data     extern E:\3.46\pic18-lt\cxx-framework\src\traditional\proc\p18f4620.asm
                    FSR1H   0x000fe2       data     extern E:\3.46\pic18-lt\cxx-framework\src\traditional\proc\p18f4620.asm
                    FSR1L   0x000fe1       data     extern E:\3.46\pic18-lt\cxx-framework\src\traditional\proc\p18f4620.asm
                     FSR2   0x000fd9       data     extern E:\3.46\pic18-lt\cxx-framework\src\traditional\proc\p18f4620.asm
                    FSR2H   0x000fda       data     extern E:\3.46\pic18-lt\cxx-framework\src\traditional\proc\p18f4620.asm
                    FSR2L   0x000fd9       data     extern E:\3.46\pic18-lt\cxx-framework\src\traditional\proc\p18f4620.asm
                  HLVDCON   0x000fd2       data     extern E:\3.46\pic18-lt\cxx-framework\src\traditional\proc\p18f4620.asm
              HLVDCONbits   0x000fd2       data     extern E:\3.46\pic18-lt\cxx-framework\src\traditional\proc\p18f4620.asm
                    INDF0   0x000fef       data     extern E:\3.46\pic18-lt\cxx-framework\src\traditional\proc\p18f4620.asm
                    INDF1   0x000fe7       data     extern E:\3.46\pic18-lt\cxx-framework\src\traditional\proc\p18f4620.asm
                    INDF2   0x000fdf       data     extern E:\3.46\pic18-lt\cxx-framework\src\traditional\proc\p18f4620.asm
                   INTCON   0x000ff2       data     extern E:\3.46\pic18-lt\cxx-framework\src\traditional\proc\p18f4620.asm
                  INTCON2   0x000ff1       data     extern E:\3.46\pic18-lt\cxx-framework\src\traditional\proc\p18f4620.asm
              INTCON2bits   0x000ff1       data     extern E:\3.46\pic18-lt\cxx-framework\src\traditional\proc\p18f4620.asm
                  INTCON3   0x000ff0       data     extern E:\3.46\pic18-lt\cxx-framework\src\traditional\proc\p18f4620.asm
              INTCON3bits   0x000ff0       data     extern E:\3.46\pic18-lt\cxx-framework\src\traditional\proc\p18f4620.asm
               INTCONbits   0x000ff2       data     extern E:\3.46\pic18-lt\cxx-framework\src\traditional\proc\p18f4620.asm
                     IPR1   0x000f9f       data     extern E:\3.46\pic18-lt\cxx-framework\src\traditional\proc\p18f4620.asm
                 IPR1bits   0x000f9f       data     extern E:\3.46\pic18-lt\cxx-framework\src\traditional\proc\p18f4620.asm
                     IPR2   0x000fa2       data     extern E:\3.46\pic18-lt\cxx-framework\src\traditional\proc\p18f4620.asm
                 IPR2bits   0x000fa2       data     extern E:\3.46\pic18-lt\cxx-framework\src\traditional\proc\p18f4620.asm
                     LATA   0x000f89       data     extern E:\3.46\pic18-lt\cxx-framework\src\traditional\proc\p18f4620.asm
                 LATAbits   0x000f89       data     extern E:\3.46\pic18-lt\cxx-framework\src\traditional\proc\p18f4620.asm
                     LATB   0x000f8a       data     extern E:\3.46\pic18-lt\cxx-framework\src\traditional\proc\p18f4620.asm
                 LATBbits   0x000f8a       data     extern E:\3.46\pic18-lt\cxx-framework\src\traditional\proc\p18f4620.asm
                     LATC   0x000f8b       data     extern E:\3.46\pic18-lt\cxx-framework\src\traditional\proc\p18f4620.asm
                 LATCbits   0x000f8b       data     extern E:\3.46\pic18-lt\cxx-framework\src\traditional\proc\p18f4620.asm
                     LATD   0x000f8c       data     extern E:\3.46\pic18-lt\cxx-framework\src\traditional\proc\p18f4620.asm
                 LATDbits   0x000f8c       data     extern E:\3.46\pic18-lt\cxx-framework\src\traditional\proc\p18f4620.asm
                     LATE   0x000f8d       data     extern E:\3.46\pic18-lt\cxx-framework\src\traditional\proc\p18f4620.asm
                 LATEbits   0x000f8d       data     extern E:\3.46\pic18-lt\cxx-framework\src\traditional\proc\p18f4620.asm
                   LVDCON   0x000fd2       data     extern E:\3.46\pic18-lt\cxx-framework\src\traditional\proc\p18f4620.asm
               LVDCONbits   0x000fd2       data     extern E:\3.46\pic18-lt\cxx-framework\src\traditional\proc\p18f4620.asm
                LcdScreen   0x000491       data     extern E:\Doan-final\final\DoAn_TKLL.X-20230106T151851Z-001\DoAn_TKLL.X\lcd\lcd.c
               LcdScreen1   0x0004b1       data     extern E:\Doan-final\final\DoAn_TKLL.X-20230106T151851Z-001\DoAn_TKLL.X\lcd\lcd.c
                   OSCCON   0x000fd3       data     extern E:\3.46\pic18-lt\cxx-framework\src\traditional\proc\p18f4620.asm
               OSCCONbits   0x000fd3       data     extern E:\3.46\pic18-lt\cxx-framework\src\traditional\proc\p18f4620.asm
                  OSCTUNE   0x000f9b       data     extern E:\3.46\pic18-lt\cxx-framework\src\traditional\proc\p18f4620.asm
              OSCTUNEbits   0x000f9b       data     extern E:\3.46\pic18-lt\cxx-framework\src\traditional\proc\p18f4620.asm
                       PC   0x000ff9       data     extern E:\3.46\pic18-lt\cxx-framework\src\traditional\proc\p18f4620.asm
                      PCL   0x000ff9       data     extern E:\3.46\pic18-lt\cxx-framework\src\traditional\proc\p18f4620.asm
                   PCLATH   0x000ffa       data     extern E:\3.46\pic18-lt\cxx-framework\src\traditional\proc\p18f4620.asm
                   PCLATU   0x000ffb       data     extern E:\3.46\pic18-lt\cxx-framework\src\traditional\proc\p18f4620.asm
                     PIE1   0x000f9d       data     extern E:\3.46\pic18-lt\cxx-framework\src\traditional\proc\p18f4620.asm
                 PIE1bits   0x000f9d       data     extern E:\3.46\pic18-lt\cxx-framework\src\traditional\proc\p18f4620.asm
                     PIE2   0x000fa0       data     extern E:\3.46\pic18-lt\cxx-framework\src\traditional\proc\p18f4620.asm
                 PIE2bits   0x000fa0       data     extern E:\3.46\pic18-lt\cxx-framework\src\traditional\proc\p18f4620.asm
                     PIR1   0x000f9e       data     extern E:\3.46\pic18-lt\cxx-framework\src\traditional\proc\p18f4620.asm
                 PIR1bits   0x000f9e       data     extern E:\3.46\pic18-lt\cxx-framework\src\traditional\proc\p18f4620.asm
                     PIR2   0x000fa1       data     extern E:\3.46\pic18-lt\cxx-framework\src\traditional\proc\p18f4620.asm
                 PIR2bits   0x000fa1       data     extern E:\3.46\pic18-lt\cxx-framework\src\traditional\proc\p18f4620.asm
                   PLUSW0   0x000feb       data     extern E:\3.46\pic18-lt\cxx-framework\src\traditional\proc\p18f4620.asm
                   PLUSW1   0x000fe3       data     extern E:\3.46\pic18-lt\cxx-framework\src\traditional\proc\p18f4620.asm
                   PLUSW2   0x000fdb       data     extern E:\3.46\pic18-lt\cxx-framework\src\traditional\proc\p18f4620.asm
                    PORTA   0x000f80       data     extern E:\3.46\pic18-lt\cxx-framework\src\traditional\proc\p18f4620.asm
                PORTAbits   0x000f80       data     extern E:\3.46\pic18-lt\cxx-framework\src\traditional\proc\p18f4620.asm
                    PORTB   0x000f81       data     extern E:\3.46\pic18-lt\cxx-framework\src\traditional\proc\p18f4620.asm
                PORTBbits   0x000f81       data     extern E:\3.46\pic18-lt\cxx-framework\src\traditional\proc\p18f4620.asm
                    PORTC   0x000f82       data     extern E:\3.46\pic18-lt\cxx-framework\src\traditional\proc\p18f4620.asm
                PORTCbits   0x000f82       data     extern E:\3.46\pic18-lt\cxx-framework\src\traditional\proc\p18f4620.asm
                    PORTD   0x000f83       data     extern E:\3.46\pic18-lt\cxx-framework\src\traditional\proc\p18f4620.asm
                PORTDbits   0x000f83       data     extern E:\3.46\pic18-lt\cxx-framework\src\traditional\proc\p18f4620.asm
                    PORTE   0x000f84       data     extern E:\3.46\pic18-lt\cxx-framework\src\traditional\proc\p18f4620.asm
                PORTEbits   0x000f84       data     extern E:\3.46\pic18-lt\cxx-framework\src\traditional\proc\p18f4620.asm
                 POSTDEC0   0x000fed       data     extern E:\3.46\pic18-lt\cxx-framework\src\traditional\proc\p18f4620.asm
                 POSTDEC1   0x000fe5       data     extern E:\3.46\pic18-lt\cxx-framework\src\traditional\proc\p18f4620.asm
                 POSTDEC2   0x000fdd       data     extern E:\3.46\pic18-lt\cxx-framework\src\traditional\proc\p18f4620.asm
                 POSTINC0   0x000fee       data     extern E:\3.46\pic18-lt\cxx-framework\src\traditional\proc\p18f4620.asm
                 POSTINC1   0x000fe6       data     extern E:\3.46\pic18-lt\cxx-framework\src\traditional\proc\p18f4620.asm
                 POSTINC2   0x000fde       data     extern E:\3.46\pic18-lt\cxx-framework\src\traditional\proc\p18f4620.asm
                      PR2   0x000fcb       data     extern E:\3.46\pic18-lt\cxx-framework\src\traditional\proc\p18f4620.asm
                  PREINC0   0x000fec       data     extern E:\3.46\pic18-lt\cxx-framework\src\traditional\proc\p18f4620.asm
                  PREINC1   0x000fe4       data     extern E:\3.46\pic18-lt\cxx-framework\src\traditional\proc\p18f4620.asm
                  PREINC2   0x000fdc       data     extern E:\3.46\pic18-lt\cxx-framework\src\traditional\proc\p18f4620.asm
                     PROD   0x000ff3       data     extern E:\3.46\pic18-lt\cxx-framework\src\traditional\proc\p18f4620.asm
                    PRODH   0x000ff4       data     extern E:\3.46\pic18-lt\cxx-framework\src\traditional\proc\p18f4620.asm
                    PRODL   0x000ff3       data     extern E:\3.46\pic18-lt\cxx-framework\src\traditional\proc\p18f4620.asm
                  PWM1CON   0x000fb7       data     extern E:\3.46\pic18-lt\cxx-framework\src\traditional\proc\p18f4620.asm
              PWM1CONbits   0x000fb7       data     extern E:\3.46\pic18-lt\cxx-framework\src\traditional\proc\p18f4620.asm
                     RCON   0x000fd0       data     extern E:\3.46\pic18-lt\cxx-framework\src\traditional\proc\p18f4620.asm
                 RCONbits   0x000fd0       data     extern E:\3.46\pic18-lt\cxx-framework\src\traditional\proc\p18f4620.asm
                    RCREG   0x000fae       data     extern E:\3.46\pic18-lt\cxx-framework\src\traditional\proc\p18f4620.asm
                    RCSTA   0x000fab       data     extern E:\3.46\pic18-lt\cxx-framework\src\traditional\proc\p18f4620.asm
                RCSTAbits   0x000fab       data     extern E:\3.46\pic18-lt\cxx-framework\src\traditional\proc\p18f4620.asm
                     SIGN   0x00001a       data     extern E:\3.46\pic18-lt\cxx-framework\src\traditional\math\cmath18.asm
                    SPBRG   0x000faf       data     extern E:\3.46\pic18-lt\cxx-framework\src\traditional\proc\p18f4620.asm
                   SPBRGH   0x000fb0       data     extern E:\3.46\pic18-lt\cxx-framework\src\traditional\proc\p18f4620.asm
                   SSPADD   0x000fc8       data     extern E:\3.46\pic18-lt\cxx-framework\src\traditional\proc\p18f4620.asm
                   SSPBUF   0x000fc9       data     extern E:\3.46\pic18-lt\cxx-framework\src\traditional\proc\p18f4620.asm
                  SSPCON1   0x000fc6       data     extern E:\3.46\pic18-lt\cxx-framework\src\traditional\proc\p18f4620.asm
              SSPCON1bits   0x000fc6       data     extern E:\3.46\pic18-lt\cxx-framework\src\traditional\proc\p18f4620.asm
                  SSPCON2   0x000fc5       data     extern E:\3.46\pic18-lt\cxx-framework\src\traditional\proc\p18f4620.asm
              SSPCON2bits   0x000fc5       data     extern E:\3.46\pic18-lt\cxx-framework\src\traditional\proc\p18f4620.asm
                  SSPSTAT   0x000fc7       data     extern E:\3.46\pic18-lt\cxx-framework\src\traditional\proc\p18f4620.asm
              SSPSTATbits   0x000fc7       data     extern E:\3.46\pic18-lt\cxx-framework\src\traditional\proc\p18f4620.asm
                   STATUS   0x000fd8       data     extern E:\3.46\pic18-lt\cxx-framework\src\traditional\proc\p18f4620.asm
               STATUSbits   0x000fd8       data     extern E:\3.46\pic18-lt\cxx-framework\src\traditional\proc\p18f4620.asm
                   STKPTR   0x000ffc       data     extern E:\3.46\pic18-lt\cxx-framework\src\traditional\proc\p18f4620.asm
               STKPTRbits   0x000ffc       data     extern E:\3.46\pic18-lt\cxx-framework\src\traditional\proc\p18f4620.asm
                     Seed   0x0004fb       data     static E:\3.46\pic18-lt\cxx-framework\src\traditional\stdclib\rand.asm
                    T0CON   0x000fd5       data     extern E:\3.46\pic18-lt\cxx-framework\src\traditional\proc\p18f4620.asm
                T0CONbits   0x000fd5       data     extern E:\3.46\pic18-lt\cxx-framework\src\traditional\proc\p18f4620.asm
                    T1CON   0x000fcd       data     extern E:\3.46\pic18-lt\cxx-framework\src\traditional\proc\p18f4620.asm
                T1CONbits   0x000fcd       data     extern E:\3.46\pic18-lt\cxx-framework\src\traditional\proc\p18f4620.asm
                    T2CON   0x000fca       data     extern E:\3.46\pic18-lt\cxx-framework\src\traditional\proc\p18f4620.asm
                T2CONbits   0x000fca       data     extern E:\3.46\pic18-lt\cxx-framework\src\traditional\proc\p18f4620.asm
                    T3CON   0x000fb1       data     extern E:\3.46\pic18-lt\cxx-framework\src\traditional\proc\p18f4620.asm
                T3CONbits   0x000fb1       data     extern E:\3.46\pic18-lt\cxx-framework\src\traditional\proc\p18f4620.asm
                   TABLAT   0x000ff5       data     extern E:\3.46\pic18-lt\cxx-framework\src\traditional\proc\p18f4620.asm
                   TBLPTR   0x000ff6       data     extern E:\3.46\pic18-lt\cxx-framework\src\traditional\proc\p18f4620.asm
                  TBLPTRH   0x000ff7       data     extern E:\3.46\pic18-lt\cxx-framework\src\traditional\proc\p18f4620.asm
                  TBLPTRL   0x000ff6       data     extern E:\3.46\pic18-lt\cxx-framework\src\traditional\proc\p18f4620.asm
                  TBLPTRU   0x000ff8       data     extern E:\3.46\pic18-lt\cxx-framework\src\traditional\proc\p18f4620.asm
                    TMR0H   0x000fd7       data     extern E:\3.46\pic18-lt\cxx-framework\src\traditional\proc\p18f4620.asm
                    TMR0L   0x000fd6       data     extern E:\3.46\pic18-lt\cxx-framework\src\traditional\proc\p18f4620.asm
                    TMR1H   0x000fcf       data     extern E:\3.46\pic18-lt\cxx-framework\src\traditional\proc\p18f4620.asm
                    TMR1L   0x000fce       data     extern E:\3.46\pic18-lt\cxx-framework\src\traditional\proc\p18f4620.asm
                     TMR2   0x000fcc       data     extern E:\3.46\pic18-lt\cxx-framework\src\traditional\proc\p18f4620.asm
                    TMR3H   0x000fb3       data     extern E:\3.46\pic18-lt\cxx-framework\src\traditional\proc\p18f4620.asm
                    TMR3L   0x000fb2       data     extern E:\3.46\pic18-lt\cxx-framework\src\traditional\proc\p18f4620.asm
                      TOS   0x000ffd       data     extern E:\3.46\pic18-lt\cxx-framework\src\traditional\proc\p18f4620.asm
                     TOSH   0x000ffe       data     extern E:\3.46\pic18-lt\cxx-framework\src\traditional\proc\p18f4620.asm
                     TOSL   0x000ffd       data     extern E:\3.46\pic18-lt\cxx-framework\src\traditional\proc\p18f4620.asm
                     TOSU   0x000fff       data     extern E:\3.46\pic18-lt\cxx-framework\src\traditional\proc\p18f4620.asm
                    TRISA   0x000f92       data     extern E:\3.46\pic18-lt\cxx-framework\src\traditional\proc\p18f4620.asm
                TRISAbits   0x000f92       data     extern E:\3.46\pic18-lt\cxx-framework\src\traditional\proc\p18f4620.asm
                    TRISB   0x000f93       data     extern E:\3.46\pic18-lt\cxx-framework\src\traditional\proc\p18f4620.asm
                TRISBbits   0x000f93       data     extern E:\3.46\pic18-lt\cxx-framework\src\traditional\proc\p18f4620.asm
                    TRISC   0x000f94       data     extern E:\3.46\pic18-lt\cxx-framework\src\traditional\proc\p18f4620.asm
                TRISCbits   0x000f94       data     extern E:\3.46\pic18-lt\cxx-framework\src\traditional\proc\p18f4620.asm
                    TRISD   0x000f95       data     extern E:\3.46\pic18-lt\cxx-framework\src\traditional\proc\p18f4620.asm
                TRISDbits   0x000f95       data     extern E:\3.46\pic18-lt\cxx-framework\src\traditional\proc\p18f4620.asm
                    TRISE   0x000f96       data     extern E:\3.46\pic18-lt\cxx-framework\src\traditional\proc\p18f4620.asm
                TRISEbits   0x000f96       data     extern E:\3.46\pic18-lt\cxx-framework\src\traditional\proc\p18f4620.asm
                    TXREG   0x000fad       data     extern E:\3.46\pic18-lt\cxx-framework\src\traditional\proc\p18f4620.asm
                    TXSTA   0x000fac       data     extern E:\3.46\pic18-lt\cxx-framework\src\traditional\proc\p18f4620.asm
                TXSTAbits   0x000fac       data     extern E:\3.46\pic18-lt\cxx-framework\src\traditional\proc\p18f4620.asm
                       UP   0x000f08       data     extern E:\Doan-final\final\DoAn_TKLL.X-20230106T151851Z-001\DoAn_TKLL.X\button_matrix\custom_character.c
                        W   0x000fe8       data     extern E:\3.46\pic18-lt\cxx-framework\src\traditional\proc\p18f4620.asm
                   WDTCON   0x000fd1       data     extern E:\3.46\pic18-lt\cxx-framework\src\traditional\proc\p18f4620.asm
               WDTCONbits   0x000fd1       data     extern E:\3.46\pic18-lt\cxx-framework\src\traditional\proc\p18f4620.asm
                     WREG   0x000fe8       data     extern E:\3.46\pic18-lt\cxx-framework\src\traditional\proc\p18f4620.asm
                 __AARGB0   0x000023       data     extern E:\3.46\pic18-lt\cxx-framework\src\traditional\math\aarg.asm
                 __AARGB1   0x000022       data     extern E:\3.46\pic18-lt\cxx-framework\src\traditional\math\aarg.asm
                 __AARGB2   0x000021       data     extern E:\3.46\pic18-lt\cxx-framework\src\traditional\math\aarg.asm
                 __AARGB3   0x000020       data     extern E:\3.46\pic18-lt\cxx-framework\src\traditional\math\aarg.asm
                 __AARGB4   0x00001f       data     extern E:\3.46\pic18-lt\cxx-framework\src\traditional\math\aarg.asm
                 __AARGB5   0x00001e       data     extern E:\3.46\pic18-lt\cxx-framework\src\traditional\math\aarg.asm
                 __AARGB6   0x00001d       data     extern E:\3.46\pic18-lt\cxx-framework\src\traditional\math\aarg.asm
                 __AARGB7   0x00001c       data     extern E:\3.46\pic18-lt\cxx-framework\src\traditional\math\aarg.asm
                   __AEXP   0x000024       data     extern E:\3.46\pic18-lt\cxx-framework\src\traditional\math\aarg.asm
                 __BARGB0   0x000028       data     extern E:\3.46\pic18-lt\cxx-framework\src\traditional\math\barg.asm
                 __BARGB1   0x000027       data     extern E:\3.46\pic18-lt\cxx-framework\src\traditional\math\barg.asm
                 __BARGB2   0x000026       data     extern E:\3.46\pic18-lt\cxx-framework\src\traditional\math\barg.asm
                 __BARGB3   0x000025       data     extern E:\3.46\pic18-lt\cxx-framework\src\traditional\math\barg.asm
                   __BEXP   0x000029       data     extern E:\3.46\pic18-lt\cxx-framework\src\traditional\math\barg.asm
                __FPFLAGS   0x00001b       data     extern E:\3.46\pic18-lt\cxx-framework\src\traditional\math\cmath18.asm
            __FPFLAGSbits   0x00001b       data     extern E:\3.46\pic18-lt\cxx-framework\src\traditional\math\cmath18.asm
                  __REMB0   0x00001f       data     extern E:\3.46\pic18-lt\cxx-framework\src\traditional\math\aarg.asm
                  __REMB1   0x00001e       data     extern E:\3.46\pic18-lt\cxx-framework\src\traditional\math\aarg.asm
                  __REMB2   0x00001d       data     extern E:\3.46\pic18-lt\cxx-framework\src\traditional\math\aarg.asm
                  __REMB3   0x00001c       data     extern E:\3.46\pic18-lt\cxx-framework\src\traditional\math\aarg.asm
                   __TEMP   0x00002d       data     extern E:\3.46\pic18-lt\cxx-framework\src\traditional\math\temparg.asm
                 __TEMPB0   0x00002d       data     extern E:\3.46\pic18-lt\cxx-framework\src\traditional\math\temparg.asm
[...]
                     DDRB   0x000f93       data     extern E:\3.46\pic18-lt\cxx-framework\src\traditional\proc\p18f4620.asm
                    TRISB   0x000f93       data     extern E:\3.46\pic18-lt\cxx-framework\src\traditional\proc\p18f4620.asm
                TRISBbits   0x000f93       data     extern E:\3.46\pic18-lt\cxx-framework\src\traditional\proc\p18f4620.asm
                TRISCbits   0x000f94       data     extern E:\3.46\pic18-lt\cxx-framework\src\traditional\proc\p18f4620.asm
                 DDRCbits   0x000f94       data     extern E:\3.46\pic18-lt\cxx-framework\src\traditional\proc\p18f4620.asm
                     DDRC   0x000f94       data     extern E:\3.46\pic18-lt\cxx-framework\src\traditional\proc\p18f4620.asm
                    TRISC   0x000f94       data     extern E:\3.46\pic18-lt\cxx-framework\src\traditional\proc\p18f4620.asm
                 DDRDbits   0x000f95       data     extern E:\3.46\pic18-lt\cxx-framework\src\traditional\proc\p18f4620.asm
                    TRISD   0x000f95       data     extern E:\3.46\pic18-lt\cxx-framework\src\traditional\proc\p18f4620.asm
                TRISDbits   0x000f95       data     extern E:\3.46\pic18-lt\cxx-framework\src\traditional\proc\p18f4620.asm
                     DDRD   0x000f95       data     extern E:\3.46\pic18-lt\cxx-framework\src\traditional\proc\p18f4620.asm
                     DDRE   0x000f96       data     extern E:\3.46\pic18-lt\cxx-framework\src\traditional\proc\p18f4620.asm
                 DDREbits   0x000f96       data     extern E:\3.46\pic18-lt\cxx-framework\src\traditional\proc\p18f4620.asm
                TRISEbits   0x000f96       data     extern E:\3.46\pic18-lt\cxx-framework\src\traditional\proc\p18f4620.asm
                    TRISE   0x000f96       data     extern E:\3.46\pic18-lt\cxx-framework\src\traditional\proc\p18f4620.asm
                  OSCTUNE   0x000f9b       data     extern E:\3.46\pic18-lt\cxx-framework\src\traditional\proc\p18f4620.asm
              OSCTUNEbits   0x000f9b       data     extern E:\3.46\pic18-lt\cxx-framework\src\traditional\proc\p18f4620.asm
                     PIE1   0x000f9d       data     extern E:\3.46\pic18-lt\cxx-framework\src\traditional\proc\p18f4620.asm
                 PIE1bits   0x000f9d       data     extern E:\3.46\pic18-lt\cxx-framework\src\traditional\proc\p18f4620.asm
                     PIR1   0x000f9e       data     extern E:\3.46\pic18-lt\cxx-framework\src\traditional\proc\p18f4620.asm
                 PIR1bits   0x000f9e       data     extern E:\3.46\pic18-lt\cxx-framework\src\traditional\proc\p18f4620.asm
                 IPR1bits   0x000f9f       data     extern E:\3.46\pic18-lt\cxx-framework\src\traditional\proc\p18f4620.asm
                     IPR1   0x000f9f       data     extern E:\3.46\pic18-lt\cxx-framework\src\traditional\proc\p18f4620.asm
                 PIE2bits   0x000fa0       data     extern E:\3.46\pic18-lt\cxx-framework\src\traditional\proc\p18f4620.asm
                     PIE2   0x000fa0       data     extern E:\3.46\pic18-lt\cxx-framework\src\traditional\proc\p18f4620.asm
                 PIR2bits   0x000fa1       data     extern E:\3.46\pic18-lt\cxx-framework\src\traditional\proc\p18f4620.asm
                     PIR2   0x000fa1       data     extern E:\3.46\pic18-lt\cxx-framework\src\traditional\proc\p18f4620.asm
                 IPR2bits   0x000fa2       data     extern E:\3.46\pic18-lt\cxx-framework\src\traditional\proc\p18f4620.asm
                     IPR2   0x000fa2       data     extern E:\3.46\pic18-lt\cxx-framework\src\traditional\proc\p18f4620.asm
               EECON1bits   0x000fa6       data     extern E:\3.46\pic18-lt\cxx-framework\src\traditional\proc\p18f4620.asm
                   EECON1   0x000fa6       data     extern E:\3.46\pic18-lt\cxx-framework\src\traditional\proc\p18f4620.asm
                   EECON2   0x000fa7       data     extern E:\3.46\pic18-lt\cxx-framework\src\traditional\proc\p18f4620.asm
                   EEDATA   0x000fa8       data     extern E:\3.46\pic18-lt\cxx-framework\src\traditional\proc\p18f4620.asm
                    EEADR   0x000fa9       data     extern E:\3.46\pic18-lt\cxx-framework\src\traditional\proc\p18f4620.asm
                   EEADRH   0x000faa       data     extern E:\3.46\pic18-lt\cxx-framework\src\traditional\proc\p18f4620.asm
                RCSTAbits   0x000fab       data     extern E:\3.46\pic18-lt\cxx-framework\src\traditional\proc\p18f4620.asm
                    RCSTA   0x000fab       data     extern E:\3.46\pic18-lt\cxx-framework\src\traditional\proc\p18f4620.asm
                TXSTAbits   0x000fac       data     extern E:\3.46\pic18-lt\cxx-framework\src\traditional\proc\p18f4620.asm
                    TXSTA   0x000fac       data     extern E:\3.46\pic18-lt\cxx-framework\src\traditional\proc\p18f4620.asm
                    TXREG   0x000fad       data     extern E:\3.46\pic18-lt\cxx-framework\src\traditional\proc\p18f4620.asm
                    RCREG   0x000fae       data     extern E:\3.46\pic18-lt\cxx-framework\src\traditional\proc\p18f4620.asm
                    SPBRG   0x000faf       data     extern E:\3.46\pic18-lt\cxx-framework\src\traditional\proc\p18f4620.asm
                   SPBRGH   0x000fb0       data     extern E:\3.46\pic18-lt\cxx-framework\src\traditional\proc\p18f4620.asm
                T3CONbits   0x000fb1       data     extern E:\3.46\pic18-lt\cxx-framework\src\traditional\proc\p18f4620.asm
                    T3CON   0x000fb1       data     extern E:\3.46\pic18-lt\cxx-framework\src\traditional\proc\p18f4620.asm
                    TMR3L   0x000fb2       data     extern E:\3.46\pic18-lt\cxx-framework\src\traditional\proc\p18f4620.asm
                    TMR3H   0x000fb3       data     extern E:\3.46\pic18-lt\cxx-framework\src\traditional\proc\p18f4620.asm
                    CMCON   0x000fb4       data     extern E:\3.46\pic18-lt\cxx-framework\src\traditional\proc\p18f4620.asm
                CMCONbits   0x000fb4       data     extern E:\3.46\pic18-lt\cxx-framework\src\traditional\proc\p18f4620.asm
                   CVRCON   0x000fb5       data     extern E:\3.46\pic18-lt\cxx-framework\src\traditional\proc\p18f4620.asm
               CVRCONbits   0x000fb5       data     extern E:\3.46\pic18-lt\cxx-framework\src\traditional\proc\p18f4620.asm
                  ECCP1AS   0x000fb6       data     extern E:\3.46\pic18-lt\cxx-framework\src\traditional\proc\p18f4620.asm
              ECCP1ASbits   0x000fb6       data     extern E:\3.46\pic18-lt\cxx-framework\src\traditional\proc\p18f4620.asm
              PWM1CONbits   0x000fb7       data     extern E:\3.46\pic18-lt\cxx-framework\src\traditional\proc\p18f4620.asm
                  PWM1CON   0x000fb7       data     extern E:\3.46\pic18-lt\cxx-framework\src\traditional\proc\p18f4620.asm
              BAUDCTLbits   0x000fb8       data     extern E:\3.46\pic18-lt\cxx-framework\src\traditional\proc\p18f4620.asm
                  BAUDCTL   0x000fb8       data     extern E:\3.46\pic18-lt\cxx-framework\src\traditional\proc\p18f4620.asm
              BAUDCONbits   0x000fb8       data     extern E:\3.46\pic18-lt\cxx-framework\src\traditional\proc\p18f4620.asm
                  BAUDCON   0x000fb8       data     extern E:\3.46\pic18-lt\cxx-framework\src\traditional\proc\p18f4620.asm
                  CCP2CON   0x000fba       data     extern E:\3.46\pic18-lt\cxx-framework\src\traditional\proc\p18f4620.asm
              CCP2CONbits   0x000fba       data     extern E:\3.46\pic18-lt\cxx-framework\src\traditional\proc\p18f4620.asm
                   CCPR2L   0x000fbb       data     extern E:\3.46\pic18-lt\cxx-framework\src\traditional\proc\p18f4620.asm
                    CCPR2   0x000fbb       data     extern E:\3.46\pic18-lt\cxx-framework\src\traditional\proc\p18f4620.asm
                   CCPR2H   0x000fbc       data     extern E:\3.46\pic18-lt\cxx-framework\src\traditional\proc\p18f4620.asm
                  CCP1CON   0x000fbd       data     extern E:\3.46\pic18-lt\cxx-framework\src\traditional\proc\p18f4620.asm
              CCP1CONbits   0x000fbd       data     extern E:\3.46\pic18-lt\cxx-framework\src\traditional\proc\p18f4620.asm
                    CCPR1   0x000fbe       data     extern E:\3.46\pic18-lt\cxx-framework\src\traditional\proc\p18f4620.asm
                   CCPR1L   0x000fbe       data     extern E:\3.46\pic18-lt\cxx-framework\src\traditional\proc\p18f4620.asm
                   CCPR1H   0x000fbf       data     extern E:\3.46\pic18-lt\cxx-framework\src\traditional\proc\p18f4620.asm
               ADCON2bits   0x000fc0       data     extern E:\3.46\pic18-lt\cxx-framework\src\traditional\proc\p18f4620.asm
                   ADCON2   0x000fc0       data     extern E:\3.46\pic18-lt\cxx-framework\src\traditional\proc\p18f4620.asm
                   ADCON1   0x000fc1       data     extern E:\3.46\pic18-lt\cxx-framework\src\traditional\proc\p18f4620.asm
               ADCON1bits   0x000fc1       data     extern E:\3.46\pic18-lt\cxx-framework\src\traditional\proc\p18f4620.asm
                   ADCON0   0x000fc2       data     extern E:\3.46\pic18-lt\cxx-framework\src\traditional\proc\p18f4620.asm
               ADCON0bits   0x000fc2       data     extern E:\3.46\pic18-lt\cxx-framework\src\traditional\proc\p18f4620.asm
                    ADRES   0x000fc3       data     extern E:\3.46\pic18-lt\cxx-framework\src\traditional\proc\p18f4620.asm
                   ADRESL   0x000fc3       data     extern E:\3.46\pic18-lt\cxx-framework\src\traditional\proc\p18f4620.asm
                   ADRESH   0x000fc4       data     extern E:\3.46\pic18-lt\cxx-framework\src\traditional\proc\p18f4620.asm
              SSPCON2bits   0x000fc5       data     extern E:\3.46\pic18-lt\cxx-framework\src\traditional\proc\p18f4620.asm
                  SSPCON2   0x000fc5       data     extern E:\3.46\pic18-lt\cxx-framework\src\traditional\proc\p18f4620.asm
              SSPCON1bits   0x000fc6       data     extern E:\3.46\pic18-lt\cxx-framework\src\traditional\proc\p18f4620.asm
                  SSPCON1   0x000fc6       data     extern E:\3.46\pic18-lt\cxx-framework\src\traditional\proc\p18f4620.asm
              SSPSTATbits   0x000fc7       data     extern E:\3.46\pic18-lt\cxx-framework\src\traditional\proc\p18f4620.asm
                  SSPSTAT   0x000fc7       data     extern E:\3.46\pic18-lt\cxx-framework\src\traditional\proc\p18f4620.asm
                   SSPADD   0x000fc8       data     extern E:\3.46\pic18-lt\cxx-framework\src\traditional\proc\p18f4620.asm
                   SSPBUF   0x000fc9       data     extern E:\3.46\pic18-lt\cxx-framework\src\traditional\proc\p18f4620.asm
                T2CONbits   0x000fca       data     extern E:\3.46\pic18-lt\cxx-framework\src\traditional\proc\p18f4620.asm
                    T2CON   0x000fca       data     extern E:\3.46\pic18-lt\cxx-framework\src\traditional\proc\p18f4620.asm
                      PR2   0x000fcb       data     extern E:\3.46\pic18-lt\cxx-framework\src\traditional\proc\p18f4620.asm
                     TMR2   0x000fcc       data     extern E:\3.46\pic18-lt\cxx-framework\src\traditional\proc\p18f4620.asm
                T1CONbits   0x000fcd       data     extern E:\3.46\pic18-lt\cxx-framework\src\traditional\proc\p18f4620.asm
                    T1CON   0x000fcd       data     extern E:\3.46\pic18-lt\cxx-framework\src\traditional\proc\p18f4620.asm
                    TMR1L   0x000fce       data     extern E:\3.46\pic18-lt\cxx-framework\src\traditional\proc\p18f4620.asm
                    TMR1H   0x000fcf       data     extern E:\3.46\pic18-lt\cxx-framework\src\traditional\proc\p18f4620.asm
                 RCONbits   0x000fd0       data     extern E:\3.46\pic18-lt\cxx-framework\src\traditional\proc\p18f4620.asm
                     RCON   0x000fd0       data     extern E:\3.46\pic18-lt\cxx-framework\src\traditional\proc\p18f4620.asm
                   WDTCON   0x000fd1       data     extern E:\3.46\pic18-lt\cxx-framework\src\traditional\proc\p18f4620.asm
               WDTCONbits   0x000fd1       data     extern E:\3.46\pic18-lt\cxx-framework\src\traditional\proc\p18f4620.asm
                  HLVDCON   0x000fd2       data     extern E:\3.46\pic18-lt\cxx-framework\src\traditional\proc\p18f4620.asm
              HLVDCONbits   0x000fd2       data     extern E:\3.46\pic18-lt\cxx-framework\src\traditional\proc\p18f4620.asm
                   LVDCON   0x000fd2       data     extern E:\3.46\pic18-lt\cxx-framework\src\traditional\proc\p18f4620.asm
               LVDCONbits   0x000fd2       data     extern E:\3.46\pic18-lt\cxx-framework\src\traditional\proc\p18f4620.asm
                   OSCCON   0x000fd3       data     extern E:\3.46\pic18-lt\cxx-framework\src\traditional\proc\p18f4620.asm
               OSCCONbits   0x000fd3       data     extern E:\3.46\pic18-lt\cxx-framework\src\traditional\proc\p18f4620.asm
                T0CONbits   0x000fd5       data     extern E:\3.46\pic18-lt\cxx-framework\src\traditional\proc\p18f4620.asm
                    T0CON   0x000fd5       data     extern E:\3.46\pic18-lt\cxx-framework\src\traditional\proc\p18f4620.asm
                    TMR0L   0x000fd6       data     extern E:\3.46\pic18-lt\cxx-framework\src\traditional\proc\p18f4620.asm
                    TMR0H   0x000fd7       data     extern E:\3.46\pic18-lt\cxx-framework\src\traditional\proc\p18f4620.asm
               STATUSbits   0x000fd8       data     extern E:\3.46\pic18-lt\cxx-framework\src\traditional\proc\p18f4620.asm
                   STATUS   0x000fd8       data     extern E:\3.46\pic18-lt\cxx-framework\src\traditional\proc\p18f4620.asm
                    FSR2L   0x000fd9       data     extern E:\3.46\pic18-lt\cxx-framework\src\traditional\proc\p18f4620.asm
                     FSR2   0x000fd9       data     extern E:\3.46\pic18-lt\cxx-framework\src\traditional\proc\p18f4620.asm
                    FSR2H   0x000fda       data     extern E:\3.46\pic18-lt\cxx-framework\src\traditional\proc\p18f4620.asm
                   PLUSW2   0x000fdb       data     extern E:\3.46\pic18-lt\cxx-framework\src\traditional\proc\p18f4620.asm
                  PREINC2   0x000fdc       data     extern E:\3.46\pic18-lt\cxx-framework\src\traditional\proc\p18f4620.asm
                 POSTDEC2   0x000fdd       data     extern E:\3.46\pic18-lt\cxx-framework\src\traditional\proc\p18f4620.asm
                 POSTINC2   0x000fde       data     extern E:\3.46\pic18-lt\cxx-framework\src\traditional\proc\p18f4620.asm
                    INDF2   0x000fdf       data     extern E:\3.46\pic18-lt\cxx-framework\src\traditional\proc\p18f4620.asm
                      BSR   0x000fe0       data     extern E:\3.46\pic18-lt\cxx-framework\src\traditional\proc\p18f4620.asm
                     FSR1   0x000fe1       data     extern E:\3.46\pic18-lt\cxx-framework\src\traditional\proc\p18f4620.asm
                    FSR1L   0x000fe1       data     extern E:\3.46\pic18-lt\cxx-framework\src\traditional\proc\p18f4620.asm
                    FSR1H   0x000fe2       data     extern E:\3.46\pic18-lt\cxx-framework\src\traditional\proc\p18f4620.asm
                   PLUSW1   0x000fe3       data     extern E:\3.46\pic18-lt\cxx-framework\src\traditional\proc\p18f4620.asm
                  PREINC1   0x000fe4       data     extern E:\3.46\pic18-lt\cxx-framework\src\traditional\proc\p18f4620.asm
                 POSTDEC1   0x000fe5       data     extern E:\3.46\pic18-lt\cxx-framework\src\traditional\proc\p18f4620.asm
                 POSTINC1   0x000fe6       data     extern E:\3.46\pic18-lt\cxx-framework\src\traditional\proc\p18f4620.asm
                    INDF1   0x000fe7       data     extern E:\3.46\pic18-lt\cxx-framework\src\traditional\proc\p18f4620.asm
                        W   0x000fe8       data     extern E:\3.46\pic18-lt\cxx-framework\src\traditional\proc\p18f4620.asm
                     WREG   0x000fe8       data     extern E:\3.46\pic18-lt\cxx-framework\src\traditional\proc\p18f4620.asm
                     FSR0   0x000fe9       data     extern E:\3.46\pic18-lt\cxx-framework\src\traditional\proc\p18f4620.asm
                    FSR0L   0x000fe9       data     extern E:\3.46\pic18-lt\cxx-framework\src\traditional\proc\p18f4620.asm
                    FSR0H   0x000fea       data     extern E:\3.46\pic18-lt\cxx-framework\src\traditional\proc\p18f4620.asm
                   PLUSW0   0x000feb       data     extern E:\3.46\pic18-lt\cxx-framework\src\traditional\proc\p18f4620.asm
                  PREINC0   0x000fec       data     extern E:\3.46\pic18-lt\cxx-framework\src\traditional\proc\p18f4620.asm
                 POSTDEC0   0x000fed       data     extern E:\3.46\pic18-lt\cxx-framework\src\traditional\proc\p18f4620.asm
                 POSTINC0   0x000fee       data     extern E:\3.46\pic18-lt\cxx-framework\src\traditional\proc\p18f4620.asm
                    INDF0   0x000fef       data     extern E:\3.46\pic18-lt\cxx-framework\src\traditional\proc\p18f4620.asm
              INTCON3bits   0x000ff0       data     extern E:\3.46\pic18-lt\cxx-framework\src\traditional\proc\p18f4620.asm
                  INTCON3   0x000ff0       data     extern E:\3.46\pic18-lt\cxx-framework\src\traditional\proc\p18f4620.asm
              INTCON2bits   0x000ff1       data     extern E:\3.46\pic18-lt\cxx-framework\src\traditional\proc\p18f4620.asm
                  INTCON2   0x000ff1       data     extern E:\3.46\pic18-lt\cxx-framework\src\traditional\proc\p18f4620.asm
               INTCONbits   0x000ff2       data     extern E:\3.46\pic18-lt\cxx-framework\src\traditional\proc\p18f4620.asm
                   INTCON   0x000ff2       data     extern E:\3.46\pic18-lt\cxx-framework\src\traditional\proc\p18f4620.asm
                    PRODL   0x000ff3       data     extern E:\3.46\pic18-lt\cxx-framework\src\traditional\proc\p18f4620.asm
                     PROD   0x000ff3       data     extern E:\3.46\pic18-lt\cxx-framework\src\traditional\proc\p18f4620.asm
                    PRODH   0x000ff4       data     extern E:\3.46\pic18-lt\cxx-framework\src\traditional\proc\p18f4620.asm
                   TABLAT   0x000ff5       data     extern E:\3.46\pic18-lt\cxx-framework\src\traditional\proc\p18f4620.asm
                  TBLPTRL   0x000ff6       data     extern E:\3.46\pic18-lt\cxx-framework\src\traditional\proc\p18f4620.asm
                   TBLPTR   0x000ff6       data     extern E:\3.46\pic18-lt\cxx-framework\src\traditional\proc\p18f4620.asm
                  TBLPTRH   0x000ff7       data     extern E:\3.46\pic18-lt\cxx-framework\src\traditional\proc\p18f4620.asm
                  TBLPTRU   0x000ff8       data     extern E:\3.46\pic18-lt\cxx-framework\src\traditional\proc\p18f4620.asm
                       PC   0x000ff9       data     extern E:\3.46\pic18-lt\cxx-framework\src\traditional\proc\p18f4620.asm
                      PCL   0x000ff9       data     extern E:\3.46\pic18-lt\cxx-framework\src\traditional\proc\p18f4620.asm
                   PCLATH   0x000ffa       data     extern E:\3.46\pic18-lt\cxx-framework\src\traditional\proc\p18f4620.asm
                   PCLATU   0x000ffb       data     extern E:\3.46\pic18-lt\cxx-framework\src\traditional\proc\p18f4620.asm
                   STKPTR   0x000ffc       data     extern E:\3.46\pic18-lt\cxx-framework\src\traditional\proc\p18f4620.asm
               STKPTRbits   0x000ffc       data     extern E:\3.46\pic18-lt\cxx-framework\src\traditional\proc\p18f4620.asm
                     TOSL   0x000ffd       data     extern E:\3.46\pic18-lt\cxx-framework\src\traditional\proc\p18f4620.asm
                      TOS   0x000ffd       data     extern E:\3.46\pic18-lt\cxx-framework\src\traditional\proc\p18f4620.asm
                     TOSH   0x000ffe       data     extern E:\3.46\pic18-lt\cxx-framework\src\traditional\proc\p18f4620.asm
                     TOSU   0x000fff       data     extern E:\3.46\pic18-lt\cxx-framework\src\traditional\proc\p18f4620.asm


